Archive member included to satisfy reference by file (symbol)

c:/st/stm32cubeide_1.4.0/stm32cubeide/plugins/com.st.stm32cube.ide.mcu.externaltools.gnu-tools-for-stm32.7-2018-q2-update.win32_1.4.0.202007081208/tools/bin/../lib/gcc/arm-none-eabi/7.3.1/../../../../arm-none-eabi/lib/thumb/v7-m\libc_nano.a(lib_a-errno.o)
                              Core/Src/syscalls.o (__errno)
c:/st/stm32cubeide_1.4.0/stm32cubeide/plugins/com.st.stm32cube.ide.mcu.externaltools.gnu-tools-for-stm32.7-2018-q2-update.win32_1.4.0.202007081208/tools/bin/../lib/gcc/arm-none-eabi/7.3.1/../../../../arm-none-eabi/lib/thumb/v7-m\libc_nano.a(lib_a-exit.o)
                              c:/st/stm32cubeide_1.4.0/stm32cubeide/plugins/com.st.stm32cube.ide.mcu.externaltools.gnu-tools-for-stm32.7-2018-q2-update.win32_1.4.0.202007081208/tools/bin/../lib/gcc/arm-none-eabi/7.3.1/../../../../arm-none-eabi/lib/thumb/v7-m/crt0.o (exit)
c:/st/stm32cubeide_1.4.0/stm32cubeide/plugins/com.st.stm32cube.ide.mcu.externaltools.gnu-tools-for-stm32.7-2018-q2-update.win32_1.4.0.202007081208/tools/bin/../lib/gcc/arm-none-eabi/7.3.1/../../../../arm-none-eabi/lib/thumb/v7-m\libc_nano.a(lib_a-impure.o)
                              c:/st/stm32cubeide_1.4.0/stm32cubeide/plugins/com.st.stm32cube.ide.mcu.externaltools.gnu-tools-for-stm32.7-2018-q2-update.win32_1.4.0.202007081208/tools/bin/../lib/gcc/arm-none-eabi/7.3.1/../../../../arm-none-eabi/lib/thumb/v7-m\libc_nano.a(lib_a-exit.o) (_global_impure_ptr)
c:/st/stm32cubeide_1.4.0/stm32cubeide/plugins/com.st.stm32cube.ide.mcu.externaltools.gnu-tools-for-stm32.7-2018-q2-update.win32_1.4.0.202007081208/tools/bin/../lib/gcc/arm-none-eabi/7.3.1/../../../../arm-none-eabi/lib/thumb/v7-m\libc_nano.a(lib_a-init.o)
                              c:/st/stm32cubeide_1.4.0/stm32cubeide/plugins/com.st.stm32cube.ide.mcu.externaltools.gnu-tools-for-stm32.7-2018-q2-update.win32_1.4.0.202007081208/tools/bin/../lib/gcc/arm-none-eabi/7.3.1/../../../../arm-none-eabi/lib/thumb/v7-m/crt0.o (__libc_init_array)
c:/st/stm32cubeide_1.4.0/stm32cubeide/plugins/com.st.stm32cube.ide.mcu.externaltools.gnu-tools-for-stm32.7-2018-q2-update.win32_1.4.0.202007081208/tools/bin/../lib/gcc/arm-none-eabi/7.3.1/../../../../arm-none-eabi/lib/thumb/v7-m\libc_nano.a(lib_a-memset.o)
                              c:/st/stm32cubeide_1.4.0/stm32cubeide/plugins/com.st.stm32cube.ide.mcu.externaltools.gnu-tools-for-stm32.7-2018-q2-update.win32_1.4.0.202007081208/tools/bin/../lib/gcc/arm-none-eabi/7.3.1/../../../../arm-none-eabi/lib/thumb/v7-m/crt0.o (memset)

Allocating common symbols
Common symbol       size              file

hUsbDeviceFS        0x2c4             USB_DEVICE/App/usb_device.o
S_RXBuffer          0x406             Source/Cdd/VirtulComPort/VirtualComPort.o
uwTick              0x4               Drivers/STM32F1xx_HAL_Driver/Src/stm32f1xx_hal.o
pFlash              0x20              Drivers/STM32F1xx_HAL_Driver/Src/stm32f1xx_hal_flash.o
UserRxBufferFS      0x3e8             USB_DEVICE/App/usbd_cdc_if.o
UserTxBufferFS      0x3e8             USB_DEVICE/App/usbd_cdc_if.o
hpcd_USB_FS         0x2ec             USB_DEVICE/Target/usbd_conf.o
USBD_StrDesc        0x100             USB_DEVICE/App/usbd_desc.o

Discarded input sections

 .text          0x0000000000000000        0x0 c:/st/stm32cubeide_1.4.0/stm32cubeide/plugins/com.st.stm32cube.ide.mcu.externaltools.gnu-tools-for-stm32.7-2018-q2-update.win32_1.4.0.202007081208/tools/bin/../lib/gcc/arm-none-eabi/7.3.1/thumb/v7-m/crti.o
 .data          0x0000000000000000        0x0 c:/st/stm32cubeide_1.4.0/stm32cubeide/plugins/com.st.stm32cube.ide.mcu.externaltools.gnu-tools-for-stm32.7-2018-q2-update.win32_1.4.0.202007081208/tools/bin/../lib/gcc/arm-none-eabi/7.3.1/thumb/v7-m/crti.o
 .bss           0x0000000000000000        0x0 c:/st/stm32cubeide_1.4.0/stm32cubeide/plugins/com.st.stm32cube.ide.mcu.externaltools.gnu-tools-for-stm32.7-2018-q2-update.win32_1.4.0.202007081208/tools/bin/../lib/gcc/arm-none-eabi/7.3.1/thumb/v7-m/crti.o
 .data          0x0000000000000000        0x4 c:/st/stm32cubeide_1.4.0/stm32cubeide/plugins/com.st.stm32cube.ide.mcu.externaltools.gnu-tools-for-stm32.7-2018-q2-update.win32_1.4.0.202007081208/tools/bin/../lib/gcc/arm-none-eabi/7.3.1/thumb/v7-m/crtbegin.o
 .text          0x0000000000000000       0x74 c:/st/stm32cubeide_1.4.0/stm32cubeide/plugins/com.st.stm32cube.ide.mcu.externaltools.gnu-tools-for-stm32.7-2018-q2-update.win32_1.4.0.202007081208/tools/bin/../lib/gcc/arm-none-eabi/7.3.1/../../../../arm-none-eabi/lib/thumb/v7-m/crt0.o
 .data          0x0000000000000000        0x0 c:/st/stm32cubeide_1.4.0/stm32cubeide/plugins/com.st.stm32cube.ide.mcu.externaltools.gnu-tools-for-stm32.7-2018-q2-update.win32_1.4.0.202007081208/tools/bin/../lib/gcc/arm-none-eabi/7.3.1/../../../../arm-none-eabi/lib/thumb/v7-m/crt0.o
[...]
Memory Configuration

Name             Origin             Length             Attributes
RAM              0x0000000020000000 0x0000000000005000 xrw
FLASH            0x0000000008000000 0x0000000000010000 xr
*default*        0x0000000000000000 0xffffffffffffffff

Linker script and memory map

LOAD c:/st/stm32cubeide_1.4.0/stm32cubeide/plugins/com.st.stm32cube.ide.mcu.externaltools.gnu-tools-for-stm32.7-2018-q2-update.win32_1.4.0.202007081208/tools/bin/../lib/gcc/arm-none-eabi/7.3.1/thumb/v7-m/crti.o
LOAD c:/st/stm32cubeide_1.4.0/stm32cubeide/plugins/com.st.stm32cube.ide.mcu.externaltools.gnu-tools-for-stm32.7-2018-q2-update.win32_1.4.0.202007081208/tools/bin/../lib/gcc/arm-none-eabi/7.3.1/thumb/v7-m/crtbegin.o
LOAD c:/st/stm32cubeide_1.4.0/stm32cubeide/plugins/com.st.stm32cube.ide.mcu.externaltools.gnu-tools-for-stm32.7-2018-q2-update.win32_1.4.0.202007081208/tools/bin/../lib/gcc/arm-none-eabi/7.3.1/../../../../arm-none-eabi/lib/thumb/v7-m/crt0.o
LOAD Core/Src/gpio.o
LOAD Core/Src/main.o
LOAD Core/Src/stm32f1xx_hal_msp.o
LOAD Core/Src/stm32f1xx_it.o
LOAD Core/Src/syscalls.o
LOAD Core/Src/sysmem.o
LOAD Core/Src/system_stm32f1xx.o
LOAD Core/Startup/startup_stm32f103c8tx.o
LOAD Drivers/STM32F1xx_HAL_Driver/Src/stm32f1xx_hal.o
LOAD Drivers/STM32F1xx_HAL_Driver/Src/stm32f1xx_hal_cortex.o
LOAD Drivers/STM32F1xx_HAL_Driver/Src/stm32f1xx_hal_dma.o
LOAD Drivers/STM32F1xx_HAL_Driver/Src/stm32f1xx_hal_exti.o
LOAD Drivers/STM32F1xx_HAL_Driver/Src/stm32f1xx_hal_flash.o
LOAD Drivers/STM32F1xx_HAL_Driver/Src/stm32f1xx_hal_flash_ex.o
LOAD Drivers/STM32F1xx_HAL_Driver/Src/stm32f1xx_hal_gpio.o
LOAD Drivers/STM32F1xx_HAL_Driver/Src/stm32f1xx_hal_gpio_ex.o
LOAD Drivers/STM32F1xx_HAL_Driver/Src/stm32f1xx_hal_pcd.o
LOAD Drivers/STM32F1xx_HAL_Driver/Src/stm32f1xx_hal_pcd_ex.o
LOAD Drivers/STM32F1xx_HAL_Driver/Src/stm32f1xx_hal_pwr.o
LOAD Drivers/STM32F1xx_HAL_Driver/Src/stm32f1xx_hal_rcc.o
LOAD Drivers/STM32F1xx_HAL_Driver/Src/stm32f1xx_hal_rcc_ex.o
LOAD Drivers/STM32F1xx_HAL_Driver/Src/stm32f1xx_hal_tim.o
LOAD Drivers/STM32F1xx_HAL_Driver/Src/stm32f1xx_hal_tim_ex.o
LOAD Drivers/STM32F1xx_HAL_Driver/Src/stm32f1xx_ll_usb.o
LOAD Middlewares/ST/STM32_USB_Device_Library/Class/CDC/Src/usbd_cdc.o
LOAD Middlewares/ST/STM32_USB_Device_Library/Core/Src/usbd_core.o
LOAD Middlewares/ST/STM32_USB_Device_Library/Core/Src/usbd_ctlreq.o
LOAD Middlewares/ST/STM32_USB_Device_Library/Core/Src/usbd_ioreq.o
LOAD Source/App/TheApp/TheApp.o
LOAD Source/Cdd/Led/Led.o
LOAD Source/Cdd/VirtulComPort/VirtualComPort.o
LOAD Source/Services/Kernel/Init.o
LOAD Source/Services/Kernel/Sys.o
LOAD Source/Services/SchM/SchM.o
LOAD Source/Services/SchM/SchM_Callouts.o
LOAD Source/Utils/CircularFIFOBuffer/CircularFIFOBuffer.o
LOAD Source/Utils/Utils.o
LOAD USB_DEVICE/App/usb_device.o
LOAD USB_DEVICE/App/usbd_cdc_if.o
LOAD USB_DEVICE/App/usbd_desc.o
LOAD USB_DEVICE/Target/usbd_conf.o
START GROUP
LOAD c:/st/stm32cubeide_1.4.0/stm32cubeide/plugins/com.st.stm32cube.ide.mcu.externaltools.gnu-tools-for-stm32.7-2018-q2-update.win32_1.4.0.202007081208/tools/bin/../lib/gcc/arm-none-eabi/7.3.1/../../../../arm-none-eabi/lib/thumb/v7-m\libc_nano.a
LOAD c:/st/stm32cubeide_1.4.0/stm32cubeide/plugins/com.st.stm32cube.ide.mcu.externaltools.gnu-tools-for-stm32.7-2018-q2-update.win32_1.4.0.202007081208/tools/bin/../lib/gcc/arm-none-eabi/7.3.1/../../../../arm-none-eabi/lib/thumb/v7-m\libm.a
END GROUP
START GROUP
LOAD c:/st/stm32cubeide_1.4.0/stm32cubeide/plugins/com.st.stm32cube.ide.mcu.externaltools.gnu-tools-for-stm32.7-2018-q2-update.win32_1.4.0.202007081208/tools/bin/../lib/gcc/arm-none-eabi/7.3.1/thumb/v7-m\libgcc.a
LOAD c:/st/stm32cubeide_1.4.0/stm32cubeide/plugins/com.st.stm32cube.ide.mcu.externaltools.gnu-tools-for-stm32.7-2018-q2-update.win32_1.4.0.202007081208/tools/bin/../lib/gcc/arm-none-eabi/7.3.1/../../../../arm-none-eabi/lib/thumb/v7-m\libc_nano.a
END GROUP
START GROUP
LOAD c:/st/stm32cubeide_1.4.0/stm32cubeide/plugins/com.st.stm32cube.ide.mcu.externaltools.gnu-tools-for-stm32.7-2018-q2-update.win32_1.4.0.202007081208/tools/bin/../lib/gcc/arm-none-eabi/7.3.1/thumb/v7-m\libgcc.a
LOAD c:/st/stm32cubeide_1.4.0/stm32cubeide/plugins/com.st.stm32cube.ide.mcu.externaltools.gnu-tools-for-stm32.7-2018-q2-update.win32_1.4.0.202007081208/tools/bin/../lib/gcc/arm-none-eabi/7.3.1/../../../../arm-none-eabi/lib/thumb/v7-m\libc_nano.a
LOAD c:/st/stm32cubeide_1.4.0/stm32cubeide/plugins/com.st.stm32cube.ide.mcu.externaltools.gnu-tools-for-stm32.7-2018-q2-update.win32_1.4.0.202007081208/tools/bin/../lib/gcc/arm-none-eabi/7.3.1/../../../../arm-none-eabi/lib/thumb/v7-m\libnosys.a
END GROUP
START GROUP
LOAD c:/st/stm32cubeide_1.4.0/stm32cubeide/plugins/com.st.stm32cube.ide.mcu.externaltools.gnu-tools-for-stm32.7-2018-q2-update.win32_1.4.0.202007081208/tools/bin/../lib/gcc/arm-none-eabi/7.3.1/thumb/v7-m\libgcc.a
LOAD c:/st/stm32cubeide_1.4.0/stm32cubeide/plugins/com.st.stm32cube.ide.mcu.externaltools.gnu-tools-for-stm32.7-2018-q2-update.win32_1.4.0.202007081208/tools/bin/../lib/gcc/arm-none-eabi/7.3.1/../../../../arm-none-eabi/lib/thumb/v7-m\libc_nano.a
LOAD c:/st/stm32cubeide_1.4.0/stm32cubeide/plugins/com.st.stm32cube.ide.mcu.externaltools.gnu-tools-for-stm32.7-2018-q2-update.win32_1.4.0.202007081208/tools/bin/../lib/gcc/arm-none-eabi/7.3.1/../../../../arm-none-eabi/lib/thumb/v7-m\libnosys.a
END GROUP
LOAD c:/st/stm32cubeide_1.4.0/stm32cubeide/plugins/com.st.stm32cube.ide.mcu.externaltools.gnu-tools-for-stm32.7-2018-q2-update.win32_1.4.0.202007081208/tools/bin/../lib/gcc/arm-none-eabi/7.3.1/thumb/v7-m/crtend.o
LOAD c:/st/stm32cubeide_1.4.0/stm32cubeide/plugins/com.st.stm32cube.ide.mcu.externaltools.gnu-tools-for-stm32.7-2018-q2-update.win32_1.4.0.202007081208/tools/bin/../lib/gcc/arm-none-eabi/7.3.1/thumb/v7-m/crtn.o
                0x0000000020005000                _estack = (ORIGIN (RAM) + LENGTH (RAM))
                0x0000000000000200                _Min_Heap_Size = 0x200
                0x0000000000000400                _Min_Stack_Size = 0x400

.isr_vector     0x0000000008000000      0x10c
                0x0000000008000000                . = ALIGN (0x4)
 *(.isr_vector)
 .isr_vector    0x0000000008000000      0x10c Core/Startup/startup_stm32f103c8tx.o
                0x0000000008000000                g_pfnVectors
                0x000000000800010c                . = ALIGN (0x4)

.text           0x000000000800010c     0x73ac
                0x000000000800010c                . = ALIGN (0x4)
 *(.text)
 .text          0x000000000800010c       0x40 c:/st/stm32cubeide_1.4.0/stm32cubeide/plugins/com.st.stm32cube.ide.mcu.externaltools.gnu-tools-for-stm32.7-2018-q2-update.win32_1.4.0.202007081208/tools/bin/../lib/gcc/arm-none-eabi/7.3.1/thumb/v7-m/crtbegin.o
 *(.text*)
 .text.MX_GPIO_Init
                0x000000000800014c       0xdc Core/Src/gpio.o
                0x000000000800014c                MX_GPIO_Init
 .text.main     0x0000000008000228       0x1a Core/Src/main.o
                0x0000000008000228                main
 .text.SystemClock_Config
                0x0000000008000242       0xb6 Core/Src/main.o
                0x0000000008000242                SystemClock_Config
 .text.Error_Handler
                0x00000000080002f8        0xc Core/Src/main.o
                0x00000000080002f8                Error_Handler
 .text.HAL_MspInit
                0x0000000008000304       0x64 Core/Src/stm32f1xx_hal_msp.o
                0x0000000008000304                HAL_MspInit
 .text.NMI_Handler
                0x0000000008000368        0xc Core/Src/stm32f1xx_it.o
                0x0000000008000368                NMI_Handler
 .text.HardFault_Handler
                0x0000000008000374        0x6 Core/Src/stm32f1xx_it.o
                0x0000000008000374                HardFault_Handler
 .text.MemManage_Handler
                0x000000000800037a        0x6 Core/Src/stm32f1xx_it.o
                0x000000000800037a                MemManage_Handler
 .text.BusFault_Handler
                0x0000000008000380        0x6 Core/Src/stm32f1xx_it.o
                0x0000000008000380                BusFault_Handler
 .text.UsageFault_Handler
                0x0000000008000386        0x6 Core/Src/stm32f1xx_it.o
                0x0000000008000386                UsageFault_Handler
 .text.SVC_Handler
                0x000000000800038c        0xc Core/Src/stm32f1xx_it.o
                0x000000000800038c                SVC_Handler
 .text.DebugMon_Handler
                0x0000000008000398        0xc Core/Src/stm32f1xx_it.o
                0x0000000008000398                DebugMon_Handler
 .text.PendSV_Handler
                0x00000000080003a4        0xc Core/Src/stm32f1xx_it.o
                0x00000000080003a4                PendSV_Handler
 .text.SysTick_Handler
                0x00000000080003b0       0x10 Core/Src/stm32f1xx_it.o
                0x00000000080003b0                SysTick_Handler
 .text.USB_LP_CAN1_RX0_IRQHandler
                0x00000000080003c0       0x14 Core/Src/stm32f1xx_it.o
                0x00000000080003c0                USB_LP_CAN1_RX0_IRQHandler
 .text.SystemInit
                0x00000000080003d4        0xc Core/Src/system_stm32f1xx.o
                0x00000000080003d4                SystemInit
 .text.Reset_Handler
                0x00000000080003e0       0x48 Core/Startup/startup_stm32f103c8tx.o
                0x00000000080003e0                Reset_Handler
 .text.Default_Handler
                0x0000000008000428        0x2 Core/Startup/startup_stm32f103c8tx.o
                0x0000000008000428                RTC_Alarm_IRQHandler
                0x0000000008000428                EXTI2_IRQHandler
                0x0000000008000428                TIM1_CC_IRQHandler
                0x0000000008000428                PVD_IRQHandler
                0x0000000008000428                EXTI3_IRQHandler
                0x0000000008000428                EXTI0_IRQHandler
                0x0000000008000428                I2C2_EV_IRQHandler
                0x0000000008000428                ADC1_2_IRQHandler
                0x0000000008000428                SPI1_IRQHandler
                0x0000000008000428                TAMPER_IRQHandler
                0x0000000008000428                DMA1_Channel4_IRQHandler
                0x0000000008000428                USART3_IRQHandler
                0x0000000008000428                RTC_IRQHandler
                0x0000000008000428                DMA1_Channel7_IRQHandler
                0x0000000008000428                CAN1_RX1_IRQHandler
                0x0000000008000428                TIM4_IRQHandler
                0x0000000008000428                I2C1_EV_IRQHandler
                0x0000000008000428                DMA1_Channel6_IRQHandler
                0x0000000008000428                TIM3_IRQHandler
                0x0000000008000428                RCC_IRQHandler
                0x0000000008000428                TIM1_TRG_COM_IRQHandler
                0x0000000008000428                DMA1_Channel1_IRQHandler
                0x0000000008000428                Default_Handler
                0x0000000008000428                EXTI15_10_IRQHandler
                0x0000000008000428                EXTI9_5_IRQHandler
                0x0000000008000428                SPI2_IRQHandler
                0x0000000008000428                DMA1_Channel5_IRQHandler
                0x0000000008000428                EXTI4_IRQHandler
                0x0000000008000428                USB_HP_CAN1_TX_IRQHandler
                0x0000000008000428                DMA1_Channel3_IRQHandler
                0x0000000008000428                TIM1_UP_IRQHandler
                0x0000000008000428                WWDG_IRQHandler
                0x0000000008000428                TIM2_IRQHandler
                0x0000000008000428                TIM1_BRK_IRQHandler
                0x0000000008000428                EXTI1_IRQHandler
                0x0000000008000428                USART2_IRQHandler
                0x0000000008000428                I2C2_ER_IRQHandler
                0x0000000008000428                DMA1_Channel2_IRQHandler
                0x0000000008000428                CAN1_SCE_IRQHandler
                0x0000000008000428                FLASH_IRQHandler
                0x0000000008000428                USART1_IRQHandler
                0x0000000008000428                I2C1_ER_IRQHandler
                0x0000000008000428                USBWakeUp_IRQHandler
 *fill*         0x000000000800042a        0x2 
 .text.HAL_Init
                0x000000000800042c       0x2c Drivers/STM32F1xx_HAL_Driver/Src/stm32f1xx_hal.o
                0x000000000800042c                HAL_Init
 .text.HAL_InitTick
                0x0000000008000458       0x60 Drivers/STM32F1xx_HAL_Driver/Src/stm32f1xx_hal.o
                0x0000000008000458                HAL_InitTick
 .text.HAL_IncTick
                0x00000000080004b8       0x24 Drivers/STM32F1xx_HAL_Driver/Src/stm32f1xx_hal.o
                0x00000000080004b8                HAL_IncTick
 .text.HAL_GetTick
                0x00000000080004dc       0x14 Drivers/STM32F1xx_HAL_Driver/Src/stm32f1xx_hal.o
                0x00000000080004dc                HAL_GetTick
 .text.__NVIC_SetPriorityGrouping
                0x00000000080004f0       0x48 Drivers/STM32F1xx_HAL_Driver/Src/stm32f1xx_hal_cortex.o
 .text.__NVIC_GetPriorityGrouping
                0x0000000008000538       0x1c Drivers/STM32F1xx_HAL_Driver/Src/stm32f1xx_hal_cortex.o
 .text.__NVIC_EnableIRQ
                0x0000000008000554       0x38 Drivers/STM32F1xx_HAL_Driver/Src/stm32f1xx_hal_cortex.o
 .text.__NVIC_SetPriority
                0x000000000800058c       0x54 Drivers/STM32F1xx_HAL_Driver/Src/stm32f1xx_hal_cortex.o
 .text.NVIC_EncodePriority
                0x00000000080005e0       0x64 Drivers/STM32F1xx_HAL_Driver/Src/stm32f1xx_hal_cortex.o
 .text.SysTick_Config
                0x0000000008000644       0x44 Drivers/STM32F1xx_HAL_Driver/Src/stm32f1xx_hal_cortex.o
 .text.HAL_NVIC_SetPriorityGrouping
                0x0000000008000688       0x16 Drivers/STM32F1xx_HAL_Driver/Src/stm32f1xx_hal_cortex.o
                0x0000000008000688                HAL_NVIC_SetPriorityGrouping
 .text.HAL_NVIC_SetPriority
                0x000000000800069e       0x38 Drivers/STM32F1xx_HAL_Driver/Src/stm32f1xx_hal_cortex.o
                0x000000000800069e                HAL_NVIC_SetPriority
 .text.HAL_NVIC_EnableIRQ
                0x00000000080006d6       0x1c Drivers/STM32F1xx_HAL_Driver/Src/stm32f1xx_hal_cortex.o
                0x00000000080006d6                HAL_NVIC_EnableIRQ
 .text.HAL_SYSTICK_Config
                0x00000000080006f2       0x18 Drivers/STM32F1xx_HAL_Driver/Src/stm32f1xx_hal_cortex.o
                0x00000000080006f2                HAL_SYSTICK_Config
 *fill*         0x000000000800070a        0x2 
 .text.HAL_GPIO_Init
                0x000000000800070c      0x2b4 Drivers/STM32F1xx_HAL_Driver/Src/stm32f1xx_hal_gpio.o
                0x000000000800070c                HAL_GPIO_Init
 .text.HAL_GPIO_WritePin
                0x00000000080009c0       0x30 Drivers/STM32F1xx_HAL_Driver/Src/stm32f1xx_hal_gpio.o
                0x00000000080009c0                HAL_GPIO_WritePin
 .text.HAL_GPIO_TogglePin
                0x00000000080009f0       0x32 Drivers/STM32F1xx_HAL_Driver/Src/stm32f1xx_hal_gpio.o
                0x00000000080009f0                HAL_GPIO_TogglePin
 .text.HAL_PCD_Init
                0x0000000008000a22      0x216 Drivers/STM32F1xx_HAL_Driver/Src/stm32f1xx_hal_pcd.o
                0x0000000008000a22                HAL_PCD_Init
 .text.HAL_PCD_Start
                0x0000000008000c38       0x4c Drivers/STM32F1xx_HAL_Driver/Src/stm32f1xx_hal_pcd.o
                0x0000000008000c38                HAL_PCD_Start
 .text.HAL_PCD_IRQHandler
                0x0000000008000c84      0x2aa Drivers/STM32F1xx_HAL_Driver/Src/stm32f1xx_hal_pcd.o
                0x0000000008000c84                HAL_PCD_IRQHandler
 .text.HAL_PCD_SetAddress
                0x0000000008000f2e       0x4a Drivers/STM32F1xx_HAL_Driver/Src/stm32f1xx_hal_pcd.o
                0x0000000008000f2e                HAL_PCD_SetAddress
 .text.HAL_PCD_EP_Open
                0x0000000008000f78       0xcc Drivers/STM32F1xx_HAL_Driver/Src/stm32f1xx_hal_pcd.o
                0x0000000008000f78                HAL_PCD_EP_Open
 .text.HAL_PCD_EP_Close
                0x0000000008001044       0x90 Drivers/STM32F1xx_HAL_Driver/Src/stm32f1xx_hal_pcd.o
                0x0000000008001044                HAL_PCD_EP_Close
 .text.HAL_PCD_EP_Receive
                0x00000000080010d4       0x7a Drivers/STM32F1xx_HAL_Driver/Src/stm32f1xx_hal_pcd.o
                0x00000000080010d4                HAL_PCD_EP_Receive
 .text.HAL_PCD_EP_GetRxCount
                0x000000000800114e       0x2e Drivers/STM32F1xx_HAL_Driver/Src/stm32f1xx_hal_pcd.o
                0x000000000800114e                HAL_PCD_EP_GetRxCount
 .text.HAL_PCD_EP_Transmit
                0x000000000800117c       0x86 Drivers/STM32F1xx_HAL_Driver/Src/stm32f1xx_hal_pcd.o
                0x000000000800117c                HAL_PCD_EP_Transmit
 .text.HAL_PCD_EP_SetStall
                0x0000000008001202       0xc0 Drivers/STM32F1xx_HAL_Driver/Src/stm32f1xx_hal_pcd.o
                0x0000000008001202                HAL_PCD_EP_SetStall
 .text.HAL_PCD_EP_ClrStall
                0x00000000080012c2       0xa8 Drivers/STM32F1xx_HAL_Driver/Src/stm32f1xx_hal_pcd.o
                0x00000000080012c2                HAL_PCD_EP_ClrStall
 .text.PCD_EP_ISR_Handler
                0x000000000800136a      0x5e6 Drivers/STM32F1xx_HAL_Driver/Src/stm32f1xx_hal_pcd.o
 .text.HAL_PCD_EP_DB_Receive
                0x0000000008001950      0x21a Drivers/STM32F1xx_HAL_Driver/Src/stm32f1xx_hal_pcd.o
 .text.HAL_PCD_EP_DB_Transmit
                0x0000000008001b6a      0x53a Drivers/STM32F1xx_HAL_Driver/Src/stm32f1xx_hal_pcd.o
 .text.HAL_PCDEx_PMAConfig
                0x00000000080020a4       0x84 Drivers/STM32F1xx_HAL_Driver/Src/stm32f1xx_hal_pcd_ex.o
                0x00000000080020a4                HAL_PCDEx_PMAConfig
 .text.HAL_RCC_OscConfig
                0x0000000008002128      0x500 Drivers/STM32F1xx_HAL_Driver/Src/stm32f1xx_hal_rcc.o
                0x0000000008002128                HAL_RCC_OscConfig
 .text.HAL_RCC_ClockConfig
                0x0000000008002628      0x1d4 Drivers/STM32F1xx_HAL_Driver/Src/stm32f1xx_hal_rcc.o
                0x0000000008002628                HAL_RCC_ClockConfig
 .text.HAL_RCC_GetSysClockFreq
                0x00000000080027fc       0xc4 Drivers/STM32F1xx_HAL_Driver/Src/stm32f1xx_hal_rcc.o
                0x00000000080027fc                HAL_RCC_GetSysClockFreq
 .text.RCC_Delay
                0x00000000080028c0       0x3c Drivers/STM32F1xx_HAL_Driver/Src/stm32f1xx_hal_rcc.o
 .text.HAL_RCCEx_PeriphCLKConfig
                0x00000000080028fc      0x16c Drivers/STM32F1xx_HAL_Driver/Src/stm32f1xx_hal_rcc_ex.o
                0x00000000080028fc                HAL_RCCEx_PeriphCLKConfig
 .text.USB_CoreInit
                0x0000000008002a68       0x20 Drivers/STM32F1xx_HAL_Driver/Src/stm32f1xx_ll_usb.o
                0x0000000008002a68                USB_CoreInit
 .text.USB_EnableGlobalInt
                0x0000000008002a88       0x2c Drivers/STM32F1xx_HAL_Driver/Src/stm32f1xx_ll_usb.o
                0x0000000008002a88                USB_EnableGlobalInt
 .text.USB_DisableGlobalInt
                0x0000000008002ab4       0x34 Drivers/STM32F1xx_HAL_Driver/Src/stm32f1xx_ll_usb.o
                0x0000000008002ab4                USB_DisableGlobalInt
 .text.USB_SetCurrentMode
                0x0000000008002ae8       0x18 Drivers/STM32F1xx_HAL_Driver/Src/stm32f1xx_ll_usb.o
                0x0000000008002ae8                USB_SetCurrentMode
 .text.USB_DevInit
                0x0000000008002b00       0x40 Drivers/STM32F1xx_HAL_Driver/Src/stm32f1xx_ll_usb.o
                0x0000000008002b00                USB_DevInit
 .text.USB_ActivateEndpoint
                0x0000000008002b40      0x6d4 Drivers/STM32F1xx_HAL_Driver/Src/stm32f1xx_ll_usb.o
                0x0000000008002b40                USB_ActivateEndpoint
 .text.USB_DeactivateEndpoint
                0x0000000008003214      0x3d8 Drivers/STM32F1xx_HAL_Driver/Src/stm32f1xx_ll_usb.o
                0x0000000008003214                USB_DeactivateEndpoint
 .text.USB_EPStartXfer
                0x00000000080035ec     0x1240 Drivers/STM32F1xx_HAL_Driver/Src/stm32f1xx_ll_usb.o
                0x00000000080035ec                USB_EPStartXfer
 .text.USB_EPSetStall
                0x000000000800482c       0xa0 Drivers/STM32F1xx_HAL_Driver/Src/stm32f1xx_ll_usb.o
                0x000000000800482c                USB_EPSetStall
 .text.USB_EPClearStall
                0x00000000080048cc      0x15a Drivers/STM32F1xx_HAL_Driver/Src/stm32f1xx_ll_usb.o
                0x00000000080048cc                USB_EPClearStall
 .text.USB_SetDevAddress
                0x0000000008004a26       0x26 Drivers/STM32F1xx_HAL_Driver/Src/stm32f1xx_ll_usb.o
                0x0000000008004a26                USB_SetDevAddress
 .text.USB_DevConnect
                0x0000000008004a4c       0x14 Drivers/STM32F1xx_HAL_Driver/Src/stm32f1xx_ll_usb.o
                0x0000000008004a4c                USB_DevConnect
 .text.USB_DevDisconnect
                0x0000000008004a60       0x14 Drivers/STM32F1xx_HAL_Driver/Src/stm32f1xx_ll_usb.o
                0x0000000008004a60                USB_DevDisconnect
 .text.USB_ReadInterrupts
                0x0000000008004a74       0x1e Drivers/STM32F1xx_HAL_Driver/Src/stm32f1xx_ll_usb.o
                0x0000000008004a74                USB_ReadInterrupts
 .text.USB_EP0_OutStart
                0x0000000008004a92       0x16 Drivers/STM32F1xx_HAL_Driver/Src/stm32f1xx_ll_usb.o
                0x0000000008004a92                USB_EP0_OutStart
 .text.USB_WritePMA
                0x0000000008004aa8       0x88 Drivers/STM32F1xx_HAL_Driver/Src/stm32f1xx_ll_usb.o
                0x0000000008004aa8                USB_WritePMA
 .text.USB_ReadPMA
                0x0000000008004b30       0x9e Drivers/STM32F1xx_HAL_Driver/Src/stm32f1xx_ll_usb.o
                0x0000000008004b30                USB_ReadPMA
 .text.USBD_CDC_Init
                0x0000000008004bce       0xf4 Middlewares/ST/STM32_USB_Device_Library/Class/CDC/Src/usbd_cdc.o
 .text.USBD_CDC_DeInit
                0x0000000008004cc2       0x6e Middlewares/ST/STM32_USB_Device_Library/Class/CDC/Src/usbd_cdc.o
 .text.USBD_CDC_Setup
                0x0000000008004d30      0x140 Middlewares/ST/STM32_USB_Device_Library/Class/CDC/Src/usbd_cdc.o
 .text.USBD_CDC_DataIn
                0x0000000008004e70       0xa6 Middlewares/ST/STM32_USB_Device_Library/Class/CDC/Src/usbd_cdc.o
 .text.USBD_CDC_DataOut
                0x0000000008004f16       0x56 Middlewares/ST/STM32_USB_Device_Library/Class/CDC/Src/usbd_cdc.o
 .text.USBD_CDC_EP0_RxReady
                0x0000000008004f6c       0x50 Middlewares/ST/STM32_USB_Device_Library/Class/CDC/Src/usbd_cdc.o
 .text.USBD_CDC_GetFSCfgDesc
                0x0000000008004fbc       0x20 Middlewares/ST/STM32_USB_Device_Library/Class/CDC/Src/usbd_cdc.o
 .text.USBD_CDC_GetHSCfgDesc
                0x0000000008004fdc       0x20 Middlewares/ST/STM32_USB_Device_Library/Class/CDC/Src/usbd_cdc.o
 .text.USBD_CDC_GetOtherSpeedCfgDesc
                0x0000000008004ffc       0x20 Middlewares/ST/STM32_USB_Device_Library/Class/CDC/Src/usbd_cdc.o
 .text.USBD_CDC_GetDeviceQualifierDescriptor
                0x000000000800501c       0x20 Middlewares/ST/STM32_USB_Device_Library/Class/CDC/Src/usbd_cdc.o
                0x000000000800501c                USBD_CDC_GetDeviceQualifierDescriptor
 .text.USBD_CDC_RegisterInterface
                0x000000000800503c       0x2c Middlewares/ST/STM32_USB_Device_Library/Class/CDC/Src/usbd_cdc.o
                0x000000000800503c                USBD_CDC_RegisterInterface
 .text.USBD_CDC_SetTxBuffer
                0x0000000008005068       0x32 Middlewares/ST/STM32_USB_Device_Library/Class/CDC/Src/usbd_cdc.o
                0x0000000008005068                USBD_CDC_SetTxBuffer
 .text.USBD_CDC_SetRxBuffer
                0x000000000800509a       0x26 Middlewares/ST/STM32_USB_Device_Library/Class/CDC/Src/usbd_cdc.o
                0x000000000800509a                USBD_CDC_SetRxBuffer
 .text.USBD_CDC_TransmitPacket
                0x00000000080050c0       0x5e Middlewares/ST/STM32_USB_Device_Library/Class/CDC/Src/usbd_cdc.o
                0x00000000080050c0                USBD_CDC_TransmitPacket
 .text.USBD_CDC_ReceivePacket
                0x000000000800511e       0x54 Middlewares/ST/STM32_USB_Device_Library/Class/CDC/Src/usbd_cdc.o
                0x000000000800511e                USBD_CDC_ReceivePacket
 .text.USBD_Init
                0x0000000008005172       0x56 Middlewares/ST/STM32_USB_Device_Library/Core/Src/usbd_core.o
                0x0000000008005172                USBD_Init
 .text.USBD_RegisterClass
                0x00000000080051c8       0x32 Middlewares/ST/STM32_USB_Device_Library/Core/Src/usbd_core.o
                0x00000000080051c8                USBD_RegisterClass
 .text.USBD_Start
                0x00000000080051fa       0x18 Middlewares/ST/STM32_USB_Device_Library/Core/Src/usbd_core.o
                0x00000000080051fa                USBD_Start
 .text.USBD_RunTestMode
                0x0000000008005212       0x14 Middlewares/ST/STM32_USB_Device_Library/Core/Src/usbd_core.o
                0x0000000008005212                USBD_RunTestMode
 .text.USBD_SetClassConfig
                0x0000000008005226       0x3e Middlewares/ST/STM32_USB_Device_Library/Core/Src/usbd_core.o
                0x0000000008005226                USBD_SetClassConfig
 .text.USBD_ClrClassConfig
                0x0000000008005264       0x26 Middlewares/ST/STM32_USB_Device_Library/Core/Src/usbd_core.o
                0x0000000008005264                USBD_ClrClassConfig
 .text.USBD_LL_SetupStage
                0x000000000800528a       0x96 Middlewares/ST/STM32_USB_Device_Library/Core/Src/usbd_core.o
                0x000000000800528a                USBD_LL_SetupStage
 .text.USBD_LL_DataOutStage
                0x0000000008005320       0xe2 Middlewares/ST/STM32_USB_Device_Library/Core/Src/usbd_core.o
                0x0000000008005320                USBD_LL_DataOutStage
 .text.USBD_LL_DataInStage
                0x0000000008005402      0x14a Middlewares/ST/STM32_USB_Device_Library/Core/Src/usbd_core.o
                0x0000000008005402                USBD_LL_DataInStage
 .text.USBD_LL_Reset
                0x000000000800554c       0x82 Middlewares/ST/STM32_USB_Device_Library/Core/Src/usbd_core.o
                0x000000000800554c                USBD_LL_Reset
 .text.USBD_LL_SetSpeed
                0x00000000080055ce       0x1e Middlewares/ST/STM32_USB_Device_Library/Core/Src/usbd_core.o
                0x00000000080055ce                USBD_LL_SetSpeed
 .text.USBD_LL_Suspend
                0x00000000080055ec       0x28 Middlewares/ST/STM32_USB_Device_Library/Core/Src/usbd_core.o
                0x00000000080055ec                USBD_LL_Suspend
 .text.USBD_LL_Resume
                0x0000000008005614       0x2a Middlewares/ST/STM32_USB_Device_Library/Core/Src/usbd_core.o
                0x0000000008005614                USBD_LL_Resume
 .text.USBD_LL_SOF
                0x000000000800563e       0x34 Middlewares/ST/STM32_USB_Device_Library/Core/Src/usbd_core.o
                0x000000000800563e                USBD_LL_SOF
 *fill*         0x0000000008005672        0x2 
 .text.USBD_StdDevReq
                0x0000000008005674       0xd4 Middlewares/ST/STM32_USB_Device_Library/Core/Src/usbd_ctlreq.o
                0x0000000008005674                USBD_StdDevReq
 .text.USBD_StdItfReq
                0x0000000008005748       0x8c Middlewares/ST/STM32_USB_Device_Library/Core/Src/usbd_ctlreq.o
                0x0000000008005748                USBD_StdItfReq
 .text.USBD_StdEPReq
                0x00000000080057d4      0x2ba Middlewares/ST/STM32_USB_Device_Library/Core/Src/usbd_ctlreq.o
                0x00000000080057d4                USBD_StdEPReq
 *fill*         0x0000000008005a8e        0x2 
 .text.USBD_GetDescriptor
                0x0000000008005a90      0x2d0 Middlewares/ST/STM32_USB_Device_Library/Core/Src/usbd_ctlreq.o
 .text.USBD_SetAddress
                0x0000000008005d60       0x84 Middlewares/ST/STM32_USB_Device_Library/Core/Src/usbd_ctlreq.o
 .text.USBD_SetConfig
                0x0000000008005de4      0x11c Middlewares/ST/STM32_USB_Device_Library/Core/Src/usbd_ctlreq.o
 .text.USBD_GetConfig
                0x0000000008005f00       0x68 Middlewares/ST/STM32_USB_Device_Library/Core/Src/usbd_ctlreq.o
 .text.USBD_GetStatus
                0x0000000008005f68       0x66 Middlewares/ST/STM32_USB_Device_Library/Core/Src/usbd_ctlreq.o
 .text.USBD_SetFeature
                0x0000000008005fce       0x28 Middlewares/ST/STM32_USB_Device_Library/Core/Src/usbd_ctlreq.o
 .text.USBD_ClrFeature
                0x0000000008005ff6       0x42 Middlewares/ST/STM32_USB_Device_Library/Core/Src/usbd_ctlreq.o
 .text.USBD_ParseSetupRequest
                0x0000000008006038       0x78 Middlewares/ST/STM32_USB_Device_Library/Core/Src/usbd_ctlreq.o
                0x0000000008006038                USBD_ParseSetupRequest
 .text.USBD_CtlError
                0x00000000080060b0       0x22 Middlewares/ST/STM32_USB_Device_Library/Core/Src/usbd_ctlreq.o
                0x00000000080060b0                USBD_CtlError
 .text.USBD_GetString
                0x00000000080060d2       0x84 Middlewares/ST/STM32_USB_Device_Library/Core/Src/usbd_ctlreq.o
                0x00000000080060d2                USBD_GetString
 .text.USBD_GetLen
                0x0000000008006156       0x2e Middlewares/ST/STM32_USB_Device_Library/Core/Src/usbd_ctlreq.o
 .text.USBD_CtlSendData
                0x0000000008006184       0x38 Middlewares/ST/STM32_USB_Device_Library/Core/Src/usbd_ioreq.o
                0x0000000008006184                USBD_CtlSendData
 .text.USBD_CtlContinueSendData
                0x00000000080061bc       0x24 Middlewares/ST/STM32_USB_Device_Library/Core/Src/usbd_ioreq.o
                0x00000000080061bc                USBD_CtlContinueSendData
 .text.USBD_CtlPrepareRx
                0x00000000080061e0       0x3c Middlewares/ST/STM32_USB_Device_Library/Core/Src/usbd_ioreq.o
                0x00000000080061e0                USBD_CtlPrepareRx
 .text.USBD_CtlContinueRx
                0x000000000800621c       0x24 Middlewares/ST/STM32_USB_Device_Library/Core/Src/usbd_ioreq.o
                0x000000000800621c                USBD_CtlContinueRx
 .text.USBD_CtlSendStatus
                0x0000000008006240       0x26 Middlewares/ST/STM32_USB_Device_Library/Core/Src/usbd_ioreq.o
                0x0000000008006240                USBD_CtlSendStatus
 .text.USBD_CtlReceiveStatus
                0x0000000008006266       0x26 Middlewares/ST/STM32_USB_Device_Library/Core/Src/usbd_ioreq.o
                0x0000000008006266                USBD_CtlReceiveStatus
 .text.vTheApp_Init
                0x000000000800628c       0x70 Source/App/TheApp/TheApp.o
                0x000000000800628c                vTheApp_Init
 .text.vTheApp_MainFunction
                0x00000000080062fc      0x108 Source/App/TheApp/TheApp.o
                0x00000000080062fc                vTheApp_MainFunction
 .text.vTheAppProcessingCmd
                0x0000000008006404       0x68 Source/App/TheApp/TheApp.o
 .text.vTheAppExecutionCmd
                0x000000000800646c      0x188 Source/App/TheApp/TheApp.o
 .text.vLed_Init
                0x00000000080065f4       0x1c Source/Cdd/Led/Led.o
                0x00000000080065f4                vLed_Init
 .text.vLed_MainFunction
                0x0000000008006610       0x4c Source/Cdd/Led/Led.o
                0x0000000008006610                vLed_MainFunction
 .text.vVirtualComPort_Init
                0x000000000800665c       0x1c Source/Cdd/VirtulComPort/VirtualComPort.o
                0x000000000800665c                vVirtualComPort_Init
 .text.vVirtualComPort_MainFunction
                0x0000000008006678       0x1c Source/Cdd/VirtulComPort/VirtualComPort.o
                0x0000000008006678                vVirtualComPort_MainFunction
 .text.vVirtualComPort_ReceiveData_Callback
                0x0000000008006694       0x50 Source/Cdd/VirtulComPort/VirtualComPort.o
                0x0000000008006694                vVirtualComPort_ReceiveData_Callback
 .text.vVirtualComPort_SendBuffer
                0x00000000080066e4       0x1e Source/Cdd/VirtulComPort/VirtualComPort.o
                0x00000000080066e4                vVirtualComPort_SendBuffer
 *fill*         0x0000000008006702        0x2 
 .text.bVirtualComPort_GetChar
                0x0000000008006704       0x24 Source/Cdd/VirtulComPort/VirtualComPort.o
                0x0000000008006704                bVirtualComPort_GetChar
 .text.vInit    0x0000000008006728       0x24 Source/Services/Kernel/Init.o
                0x0000000008006728                vInit
 .text.u32Sys_GetRunTime
                0x000000000800674c       0x14 Source/Services/Kernel/Sys.o
                0x000000000800674c                u32Sys_GetRunTime
 .text.vSysRunModeTick
                0x0000000008006760       0x1c Source/Services/Kernel/Sys.o
                0x0000000008006760                vSysRunModeTick
 .text.vSchM_Init
                0x000000000800677c       0x1c Source/Services/SchM/SchM.o
                0x000000000800677c                vSchM_Init
 .text.vSchM_MainFunction
                0x0000000008006798       0x98 Source/Services/SchM/SchM.o
                0x0000000008006798                vSchM_MainFunction
 .text.vSchM_IdleTask
                0x0000000008006830        0xc Source/Services/SchM/SchM_Callouts.o
                0x0000000008006830                vSchM_IdleTask
 .text.vSchM_BaseRecurrenceTask
                0x000000000800683c       0x14 Source/Services/SchM/SchM_Callouts.o
                0x000000000800683c                vSchM_BaseRecurrenceTask
 .text.vSchM_BaseRecurrenceTaskDiv2
                0x0000000008006850        0xc Source/Services/SchM/SchM_Callouts.o
                0x0000000008006850                vSchM_BaseRecurrenceTaskDiv2
 .text.vSchM_BaseRecurrenceTaskDiv4
                0x000000000800685c        0xc Source/Services/SchM/SchM_Callouts.o
                0x000000000800685c                vSchM_BaseRecurrenceTaskDiv4
 .text.vSchM_BaseRecurrenceTaskDiv8
                0x0000000008006868        0xc Source/Services/SchM/SchM_Callouts.o
                0x0000000008006868                vSchM_BaseRecurrenceTaskDiv8
 .text.vSchM_BaseRecurrenceTaskDiv16
                0x0000000008006874        0xc Source/Services/SchM/SchM_Callouts.o
                0x0000000008006874                vSchM_BaseRecurrenceTaskDiv16
 .text.vSchM_BaseRecurrenceTaskDiv32
                0x0000000008006880        0xc Source/Services/SchM/SchM_Callouts.o
                0x0000000008006880                vSchM_BaseRecurrenceTaskDiv32
 .text.CircularFIFOBuffer_isFull
                0x000000000800688c       0x24 Source/Utils/CircularFIFOBuffer/CircularFIFOBuffer.o
 .text.CircularFIFOBuffer_isEmpty
                0x00000000080068b0       0x28 Source/Utils/CircularFIFOBuffer/CircularFIFOBuffer.o
 .text.CircularFIFOBuffer_getNumberOfElements
                0x00000000080068d8       0x4a Source/Utils/CircularFIFOBuffer/CircularFIFOBuffer.o
 .text.bCircularFIFOBuffer_getElement
                0x0000000008006922       0x5e Source/Utils/CircularFIFOBuffer/CircularFIFOBuffer.o
                0x0000000008006922                bCircularFIFOBuffer_getElement
 .text.bCircularFIFOBuffer_addElement
                0x0000000008006980       0x5c Source/Utils/CircularFIFOBuffer/CircularFIFOBuffer.o
                0x0000000008006980                bCircularFIFOBuffer_addElement
 .text.vtoUpperMv
                0x00000000080069dc       0x44 Source/Utils/Utils.o
                0x00000000080069dc                vtoUpperMv
 .text.vMemsetMv
                0x0000000008006a20       0x30 Source/Utils/Utils.o
                0x0000000008006a20                vMemsetMv
 .text.bStrstrMv
                0x0000000008006a50       0x76 Source/Utils/Utils.o
                0x0000000008006a50                bStrstrMv
 .text.u16_strcatMv
                0x0000000008006ac6       0x3c Source/Utils/Utils.o
                0x0000000008006ac6                u16_strcatMv
 *fill*         0x0000000008006b02        0x2 
 .text.MX_USB_DEVICE_Init
                0x0000000008006b04       0x60 USB_DEVICE/App/usb_device.o
                0x0000000008006b04                MX_USB_DEVICE_Init
 .text.CDC_Init_FS
                0x0000000008006b64       0x28 USB_DEVICE/App/usbd_cdc_if.o
 .text.CDC_DeInit_FS
                0x0000000008006b8c        0xe USB_DEVICE/App/usbd_cdc_if.o
 *fill*         0x0000000008006b9a        0x2 
 .text.CDC_Control_FS
                0x0000000008006b9c       0xbc USB_DEVICE/App/usbd_cdc_if.o
 .text.CDC_Receive_FS
                0x0000000008006c58       0x34 USB_DEVICE/App/usbd_cdc_if.o
 .text.CDC_Transmit_FS
                0x0000000008006c8c       0x4c USB_DEVICE/App/usbd_cdc_if.o
                0x0000000008006c8c                CDC_Transmit_FS
 .text.USBD_FS_DeviceDescriptor
                0x0000000008006cd8       0x24 USB_DEVICE/App/usbd_desc.o
                0x0000000008006cd8                USBD_FS_DeviceDescriptor
 .text.USBD_FS_LangIDStrDescriptor
                0x0000000008006cfc       0x24 USB_DEVICE/App/usbd_desc.o
                0x0000000008006cfc                USBD_FS_LangIDStrDescriptor
 .text.USBD_FS_ProductStrDescriptor
                0x0000000008006d20       0x3c USB_DEVICE/App/usbd_desc.o
                0x0000000008006d20                USBD_FS_ProductStrDescriptor
 .text.USBD_FS_ManufacturerStrDescriptor
                0x0000000008006d5c       0x28 USB_DEVICE/App/usbd_desc.o
                0x0000000008006d5c                USBD_FS_ManufacturerStrDescriptor
 .text.USBD_FS_SerialStrDescriptor
                0x0000000008006d84       0x24 USB_DEVICE/App/usbd_desc.o
                0x0000000008006d84                USBD_FS_SerialStrDescriptor
 .text.USBD_FS_ConfigStrDescriptor
                0x0000000008006da8       0x3c USB_DEVICE/App/usbd_desc.o
                0x0000000008006da8                USBD_FS_ConfigStrDescriptor
 .text.USBD_FS_InterfaceStrDescriptor
                0x0000000008006de4       0x3c USB_DEVICE/App/usbd_desc.o
                0x0000000008006de4                USBD_FS_InterfaceStrDescriptor
 .text.Get_SerialNum
                0x0000000008006e20       0x58 USB_DEVICE/App/usbd_desc.o
 .text.IntToUnicode
                0x0000000008006e78       0x7a USB_DEVICE/App/usbd_desc.o
 *fill*         0x0000000008006ef2        0x2 
 .text.HAL_PCD_MspInit
                0x0000000008006ef4       0x4c USB_DEVICE/Target/usbd_conf.o
                0x0000000008006ef4                HAL_PCD_MspInit
 .text.HAL_PCD_SetupStageCallback
                0x0000000008006f40       0x24 USB_DEVICE/Target/usbd_conf.o
                0x0000000008006f40                HAL_PCD_SetupStageCallback
 .text.HAL_PCD_DataOutStageCallback
                0x0000000008006f64       0x36 USB_DEVICE/Target/usbd_conf.o
                0x0000000008006f64                HAL_PCD_DataOutStageCallback
 .text.HAL_PCD_DataInStageCallback
                0x0000000008006f9a       0x34 USB_DEVICE/Target/usbd_conf.o
                0x0000000008006f9a                HAL_PCD_DataInStageCallback
 .text.HAL_PCD_SOFCallback
                0x0000000008006fce       0x1c USB_DEVICE/Target/usbd_conf.o
                0x0000000008006fce                HAL_PCD_SOFCallback
 .text.HAL_PCD_ResetCallback
                0x0000000008006fea       0x3c USB_DEVICE/Target/usbd_conf.o
                0x0000000008006fea                HAL_PCD_ResetCallback
 *fill*         0x0000000008007026        0x2 
 .text.HAL_PCD_SuspendCallback
                0x0000000008007028       0x34 USB_DEVICE/Target/usbd_conf.o
                0x0000000008007028                HAL_PCD_SuspendCallback
 .text.HAL_PCD_ResumeCallback
                0x000000000800705c       0x1c USB_DEVICE/Target/usbd_conf.o
                0x000000000800705c                HAL_PCD_ResumeCallback
 .text.USBD_LL_Init
                0x0000000008007078       0xb4 USB_DEVICE/Target/usbd_conf.o
                0x0000000008007078                USBD_LL_Init
 .text.USBD_LL_Start
                0x000000000800712c       0x36 USB_DEVICE/Target/usbd_conf.o
                0x000000000800712c                USBD_LL_Start
 .text.USBD_LL_OpenEP
                0x0000000008007162       0x4c USB_DEVICE/Target/usbd_conf.o
                0x0000000008007162                USBD_LL_OpenEP
 .text.USBD_LL_CloseEP
                0x00000000080071ae       0x3e USB_DEVICE/Target/usbd_conf.o
                0x00000000080071ae                USBD_LL_CloseEP
 .text.USBD_LL_StallEP
                0x00000000080071ec       0x3e USB_DEVICE/Target/usbd_conf.o
                0x00000000080071ec                USBD_LL_StallEP
 .text.USBD_LL_ClearStallEP
                0x000000000800722a       0x3e USB_DEVICE/Target/usbd_conf.o
                0x000000000800722a                USBD_LL_ClearStallEP
 .text.USBD_LL_IsStallEP
                0x0000000008007268       0x58 USB_DEVICE/Target/usbd_conf.o
                0x0000000008007268                USBD_LL_IsStallEP
 .text.USBD_LL_SetUSBAddress
                0x00000000080072c0       0x3e USB_DEVICE/Target/usbd_conf.o
                0x00000000080072c0                USBD_LL_SetUSBAddress
 .text.USBD_LL_Transmit
                0x00000000080072fe       0x46 USB_DEVICE/Target/usbd_conf.o
                0x00000000080072fe                USBD_LL_Transmit
 .text.USBD_LL_PrepareReceive
                0x0000000008007344       0x46 USB_DEVICE/Target/usbd_conf.o
                0x0000000008007344                USBD_LL_PrepareReceive
 .text.USBD_LL_GetRxDataSize
                0x000000000800738a       0x26 USB_DEVICE/Target/usbd_conf.o
                0x000000000800738a                USBD_LL_GetRxDataSize
 .text.USBD_static_malloc
                0x00000000080073b0       0x18 USB_DEVICE/Target/usbd_conf.o
                0x00000000080073b0                USBD_static_malloc
 .text.USBD_static_free
                0x00000000080073c8       0x12 USB_DEVICE/Target/usbd_conf.o
                0x00000000080073c8                USBD_static_free
 .text.HAL_PCDEx_SetConnectionState
                0x00000000080073da       0x16 USB_DEVICE/Target/usbd_conf.o
                0x00000000080073da                HAL_PCDEx_SetConnectionState
 .text.USBD_Get_USB_Status
                0x00000000080073f0       0x58 USB_DEVICE/Target/usbd_conf.o
 .text.__libc_init_array
                0x0000000008007448       0x48 c:/st/stm32cubeide_1.4.0/stm32cubeide/plugins/com.st.stm32cube.ide.mcu.externaltools.gnu-tools-for-stm32.7-2018-q2-update.win32_1.4.0.202007081208/tools/bin/../lib/gcc/arm-none-eabi/7.3.1/../../../../arm-none-eabi/lib/thumb/v7-m\libc_nano.a(lib_a-init.o)
                0x0000000008007448                __libc_init_array
 .text.memset   0x0000000008007490       0x10 c:/st/stm32cubeide_1.4.0/stm32cubeide/plugins/com.st.stm32cube.ide.mcu.externaltools.gnu-tools-for-stm32.7-2018-q2-update.win32_1.4.0.202007081208/tools/bin/../lib/gcc/arm-none-eabi/7.3.1/../../../../arm-none-eabi/lib/thumb/v7-m\libc_nano.a(lib_a-memset.o)
                0x0000000008007490                memset
 *(.glue_7)
 .glue_7        0x00000000080074a0        0x0 linker stubs
 *(.glue_7t)
 .glue_7t       0x00000000080074a0        0x0 linker stubs
 *(.eh_frame)
 .eh_frame      0x00000000080074a0        0x0 c:/st/stm32cubeide_1.4.0/stm32cubeide/plugins/com.st.stm32cube.ide.mcu.externaltools.gnu-tools-for-stm32.7-2018-q2-update.win32_1.4.0.202007081208/tools/bin/../lib/gcc/arm-none-eabi/7.3.1/thumb/v7-m/crtbegin.o
 *(.init)
 .init          0x00000000080074a0        0x4 c:/st/stm32cubeide_1.4.0/stm32cubeide/plugins/com.st.stm32cube.ide.mcu.externaltools.gnu-tools-for-stm32.7-2018-q2-update.win32_1.4.0.202007081208/tools/bin/../lib/gcc/arm-none-eabi/7.3.1/thumb/v7-m/crti.o
                0x00000000080074a0                _init
 .init          0x00000000080074a4        0x8 c:/st/stm32cubeide_1.4.0/stm32cubeide/plugins/com.st.stm32cube.ide.mcu.externaltools.gnu-tools-for-stm32.7-2018-q2-update.win32_1.4.0.202007081208/tools/bin/../lib/gcc/arm-none-eabi/7.3.1/thumb/v7-m/crtn.o
 *(.fini)
 .fini          0x00000000080074ac        0x4 c:/st/stm32cubeide_1.4.0/stm32cubeide/plugins/com.st.stm32cube.ide.mcu.externaltools.gnu-tools-for-stm32.7-2018-q2-update.win32_1.4.0.202007081208/tools/bin/../lib/gcc/arm-none-eabi/7.3.1/thumb/v7-m/crti.o
                0x00000000080074ac                _fini
 .fini          0x00000000080074b0        0x8 c:/st/stm32cubeide_1.4.0/stm32cubeide/plugins/com.st.stm32cube.ide.mcu.externaltools.gnu-tools-for-stm32.7-2018-q2-update.win32_1.4.0.202007081208/tools/bin/../lib/gcc/arm-none-eabi/7.3.1/thumb/v7-m/crtn.o
                0x00000000080074b8                . = ALIGN (0x4)
                0x00000000080074b8                _etext = .

.vfp11_veneer   0x00000000080074b8        0x0
 .vfp11_veneer  0x00000000080074b8        0x0 linker stubs

.v4_bx          0x00000000080074b8        0x0
 .v4_bx         0x00000000080074b8        0x0 linker stubs

.iplt           0x00000000080074b8        0x0
 .iplt          0x00000000080074b8        0x0 c:/st/stm32cubeide_1.4.0/stm32cubeide/plugins/com.st.stm32cube.ide.mcu.externaltools.gnu-tools-for-stm32.7-2018-q2-update.win32_1.4.0.202007081208/tools/bin/../lib/gcc/arm-none-eabi/7.3.1/thumb/v7-m/crtbegin.o

.rodata         0x00000000080074b8      0x28c
                0x00000000080074b8                . = ALIGN (0x4)
 *(.rodata)
 .rodata        0x00000000080074b8       0x12 Drivers/STM32F1xx_HAL_Driver/Src/stm32f1xx_hal_rcc.o
 *fill*         0x00000000080074ca        0x2 
 .rodata        0x00000000080074cc       0x4f Source/App/TheApp/TheApp.o
 *fill*         0x000000000800751b        0x1 
 .rodata        0x000000000800751c       0x36 USB_DEVICE/App/usbd_desc.o
 *(.rodata*)
 *fill*         0x0000000008007552        0x2 
 .rodata.AHBPrescTable
                0x0000000008007554       0x10 Core/Src/system_stm32f1xx.o
                0x0000000008007554                AHBPrescTable
 .rodata.cas_CmdList
                0x0000000008007564       0x38 Source/App/TheApp/TheApp.o
                0x0000000008007564                cas_CmdList
 .rodata.cau8_InitMsg
                0x000000000800759c       0xf4 Source/App/TheApp/TheApp.o
 .rodata.cau8_MsgForNA_cmd
                0x0000000008007690       0x4b Source/App/TheApp/TheApp.o
 *fill*         0x00000000080076db        0x1 
 .rodata.cau8_HelpMsg
                0x00000000080076dc       0x66 Source/App/TheApp/TheApp.o
                0x0000000008007744                . = ALIGN (0x4)
 *fill*         0x0000000008007742        0x2 

.rel.dyn        0x0000000008007744        0x0
 .rel.iplt      0x0000000008007744        0x0 c:/st/stm32cubeide_1.4.0/stm32cubeide/plugins/com.st.stm32cube.ide.mcu.externaltools.gnu-tools-for-stm32.7-2018-q2-update.win32_1.4.0.202007081208/tools/bin/../lib/gcc/arm-none-eabi/7.3.1/thumb/v7-m/crtbegin.o

.ARM.extab      0x0000000008007744        0x0
                0x0000000008007744                . = ALIGN (0x4)
 *(.ARM.extab* .gnu.linkonce.armextab.*)
                0x0000000008007744                . = ALIGN (0x4)

.ARM            0x0000000008007744        0x0
                0x0000000008007744                . = ALIGN (0x4)
                0x0000000008007744                __exidx_start = .
 *(.ARM.exidx*)
                0x0000000008007744                __exidx_end = .
                0x0000000008007744                . = ALIGN (0x4)

.preinit_array  0x0000000008007744        0x0
                0x0000000008007744                . = ALIGN (0x4)
                0x0000000008007744                PROVIDE (__preinit_array_start = .)
 *(.preinit_array*)
                0x0000000008007744                PROVIDE (__preinit_array_end = .)
                0x0000000008007744                . = ALIGN (0x4)

.init_array     0x0000000008007744        0x4
                0x0000000008007744                . = ALIGN (0x4)
                0x0000000008007744                PROVIDE (__init_array_start = .)
 *(SORT_BY_NAME(.init_array.*))
 *(.init_array*)
 .init_array    0x0000000008007744        0x4 c:/st/stm32cubeide_1.4.0/stm32cubeide/plugins/com.st.stm32cube.ide.mcu.externaltools.gnu-tools-for-stm32.7-2018-q2-update.win32_1.4.0.202007081208/tools/bin/../lib/gcc/arm-none-eabi/7.3.1/thumb/v7-m/crtbegin.o
                0x0000000008007748                PROVIDE (__init_array_end = .)
                0x0000000008007748                . = ALIGN (0x4)

.fini_array     0x0000000008007748        0x4
                0x0000000008007748                . = ALIGN (0x4)
                [!provide]                        PROVIDE (__fini_array_start = .)
 *(SORT_BY_NAME(.fini_array.*))
 *(.fini_array*)
 .fini_array    0x0000000008007748        0x4 c:/st/stm32cubeide_1.4.0/stm32cubeide/plugins/com.st.stm32cube.ide.mcu.externaltools.gnu-tools-for-stm32.7-2018-q2-update.win32_1.4.0.202007081208/tools/bin/../lib/gcc/arm-none-eabi/7.3.1/thumb/v7-m/crtbegin.o
                [!provide]                        PROVIDE (__fini_array_end = .)
                0x000000000800774c                . = ALIGN (0x4)
                0x000000000800774c                _sidata = LOADADDR (.data)

.data           0x0000000020000000      0x180 load address 0x000000000800774c
                0x0000000020000000                . = ALIGN (0x4)
                0x0000000020000000                _sdata = .
 *(.data)
 *(.data*)
 .data.SystemCoreClock
                0x0000000020000000        0x4 Core/Src/system_stm32f1xx.o
                0x0000000020000000                SystemCoreClock
 .data.uwTickPrio
                0x0000000020000004        0x4 Drivers/STM32F1xx_HAL_Driver/Src/stm32f1xx_hal.o
                0x0000000020000004                uwTickPrio
 .data.uwTickFreq
                0x0000000020000008        0x1 Drivers/STM32F1xx_HAL_Driver/Src/stm32f1xx_hal.o
                0x0000000020000008                uwTickFreq
 *fill*         0x0000000020000009        0x3 
 .data.USBD_CDC_DeviceQualifierDesc
                0x000000002000000c        0xa Middlewares/ST/STM32_USB_Device_Library/Class/CDC/Src/usbd_cdc.o
 *fill*         0x0000000020000016        0x2 
 .data.USBD_CDC
                0x0000000020000018       0x38 Middlewares/ST/STM32_USB_Device_Library/Class/CDC/Src/usbd_cdc.o
                0x0000000020000018                USBD_CDC
 .data.USBD_CDC_CfgHSDesc
                0x0000000020000050       0x43 Middlewares/ST/STM32_USB_Device_Library/Class/CDC/Src/usbd_cdc.o
                0x0000000020000050                USBD_CDC_CfgHSDesc
 *fill*         0x0000000020000093        0x1 
 .data.USBD_CDC_CfgFSDesc
                0x0000000020000094       0x43 Middlewares/ST/STM32_USB_Device_Library/Class/CDC/Src/usbd_cdc.o
                0x0000000020000094                USBD_CDC_CfgFSDesc
 *fill*         0x00000000200000d7        0x1 
 .data.USBD_CDC_OtherSpeedCfgDesc
                0x00000000200000d8       0x43 Middlewares/ST/STM32_USB_Device_Library/Class/CDC/Src/usbd_cdc.o
                0x00000000200000d8                USBD_CDC_OtherSpeedCfgDesc
 *fill*         0x000000002000011b        0x1 
 .data.u16_TimeOut
                0x000000002000011c        0x2 Source/Cdd/Led/Led.o
 *fill*         0x000000002000011e        0x2 
 .data.USBD_Interface_fops_FS
                0x0000000020000120       0x10 USB_DEVICE/App/usbd_cdc_if.o
                0x0000000020000120                USBD_Interface_fops_FS
 .data.FS_Desc  0x0000000020000130       0x1c USB_DEVICE/App/usbd_desc.o
                0x0000000020000130                FS_Desc
 .data.USBD_FS_DeviceDesc
                0x000000002000014c       0x12 USB_DEVICE/App/usbd_desc.o
                0x000000002000014c                USBD_FS_DeviceDesc
 *fill*         0x000000002000015e        0x2 
 .data.USBD_LangIDDesc
                0x0000000020000160        0x4 USB_DEVICE/App/usbd_desc.o
                0x0000000020000160                USBD_LangIDDesc
 .data.USBD_StringSerial
                0x0000000020000164       0x1a USB_DEVICE/App/usbd_desc.o
                0x0000000020000164                USBD_StringSerial
                0x0000000020000180                . = ALIGN (0x4)
 *fill*         0x000000002000017e        0x2 
                0x0000000020000180                _edata = .

.igot.plt       0x0000000020000180        0x0 load address 0x00000000080078cc
 .igot.plt      0x0000000020000180        0x0 c:/st/stm32cubeide_1.4.0/stm32cubeide/plugins/com.st.stm32cube.ide.mcu.externaltools.gnu-tools-for-stm32.7-2018-q2-update.win32_1.4.0.202007081208/tools/bin/../lib/gcc/arm-none-eabi/7.3.1/thumb/v7-m/crtbegin.o
                0x0000000020000180                . = ALIGN (0x4)

.bss            0x0000000020000180     0x1ce8 load address 0x00000000080078cc
                0x0000000020000180                _sbss = .
                0x0000000020000180                __bss_start__ = _sbss
 *(.bss)
 .bss           0x0000000020000180       0x1c c:/st/stm32cubeide_1.4.0/stm32cubeide/plugins/com.st.stm32cube.ide.mcu.externaltools.gnu-tools-for-stm32.7-2018-q2-update.win32_1.4.0.202007081208/tools/bin/../lib/gcc/arm-none-eabi/7.3.1/thumb/v7-m/crtbegin.o
 *(.bss*)
 .bss.cfgidx.7629
                0x000000002000019c        0x1 Middlewares/ST/STM32_USB_Device_Library/Core/Src/usbd_ctlreq.o
 .bss.bTheAppInit
                0x000000002000019d        0x1 Source/App/TheApp/TheApp.o
 *fill*         0x000000002000019e        0x2 
 .bss.RX_Buffer
                0x00000000200001a0      0x402 Source/App/TheApp/TheApp.o
 *fill*         0x00000000200005a2        0x2 
 .bss.TX_Buffer
                0x00000000200005a4      0x402 Source/App/TheApp/TheApp.o
 .bss.e_theAppState
                0x00000000200009a6        0x1 Source/App/TheApp/TheApp.o
 *fill*         0x00000000200009a7        0x1 
 .bss.u16_TheAppDelay
                0x00000000200009a8        0x2 Source/App/TheApp/TheApp.o
 .bss.eActualCmd
                0x00000000200009aa        0x1 Source/App/TheApp/TheApp.o
 .bss.bLedInit  0x00000000200009ab        0x1 Source/Cdd/Led/Led.o
 .bss.bVirtualComPortInit
                0x00000000200009ac        0x1 Source/Cdd/VirtulComPort/VirtualComPort.o
 *fill*         0x00000000200009ad        0x3 
 .bss.u32_RunTime
                0x00000000200009b0        0x4 Source/Services/Kernel/Sys.o
 .bss.bSchmInit
                0x00000000200009b4        0x1 Source/Services/SchM/SchM.o
 *fill*         0x00000000200009b5        0x3 
 .bss.u32_ScheduleCycle_Sample
                0x00000000200009b8        0x4 Source/Services/SchM/SchM.o
 .bss.mem.7697  0x00000000200009bc      0x220 USB_DEVICE/Target/usbd_conf.o
 *(COMMON)
 COMMON         0x0000000020000bdc        0x4 Drivers/STM32F1xx_HAL_Driver/Src/stm32f1xx_hal.o
                0x0000000020000bdc                uwTick
 COMMON         0x0000000020000be0      0x406 Source/Cdd/VirtulComPort/VirtualComPort.o
                0x0000000020000be0                S_RXBuffer
 *fill*         0x0000000020000fe6        0x2 
 COMMON         0x0000000020000fe8      0x2c4 USB_DEVICE/App/usb_device.o
                0x0000000020000fe8                hUsbDeviceFS
 COMMON         0x00000000200012ac      0x7d0 USB_DEVICE/App/usbd_cdc_if.o
                0x00000000200012ac                UserRxBufferFS
                0x0000000020001694                UserTxBufferFS
 COMMON         0x0000000020001a7c      0x100 USB_DEVICE/App/usbd_desc.o
                0x0000000020001a7c                USBD_StrDesc
 COMMON         0x0000000020001b7c      0x2ec USB_DEVICE/Target/usbd_conf.o
                0x0000000020001b7c                hpcd_USB_FS
                0x0000000020001e68                . = ALIGN (0x4)
                0x0000000020001e68                _ebss = .
                0x0000000020001e68                __bss_end__ = _ebss

._user_heap_stack
                0x0000000020001e68      0x600 load address 0x00000000080078cc
                0x0000000020001e68                . = ALIGN (0x8)
                [!provide]                        PROVIDE (end = .)
                0x0000000020001e68                PROVIDE (_end = .)
                0x0000000020002068                . = (. + _Min_Heap_Size)
 *fill*         0x0000000020001e68      0x200 
                0x0000000020002468                . = (. + _Min_Stack_Size)
 *fill*         0x0000000020002068      0x400 
                0x0000000020002468                . = ALIGN (0x8)

/DISCARD/
 libc.a(*)
 libm.a(*)
 libgcc.a(*)

.ARM.attributes
                0x0000000000000000       0x29
 *(.ARM.attributes)
 .ARM.attributes
                0x0000000000000000       0x1d c:/st/stm32cubeide_1.4.0/stm32cubeide/plugins/com.st.stm32cube.ide.mcu.externaltools.gnu-tools-for-stm32.7-2018-q2-update.win32_1.4.0.202007081208/tools/bin/../lib/gcc/arm-none-eabi/7.3.1/thumb/v7-m/crti.o
 .ARM.attributes
                0x000000000000001d       0x2d c:/st/stm32cubeide_1.4.0/stm32cubeide/plugins/com.st.stm32cube.ide.mcu.externaltools.gnu-tools-for-stm32.7-2018-q2-update.win32_1.4.0.202007081208/tools/bin/../lib/gcc/arm-none-eabi/7.3.1/thumb/v7-m/crtbegin.o
 .ARM.attributes
                0x000000000000004a       0x33 Core/Src/gpio.o
 .ARM.attributes
                0x000000000000007d       0x33 Core/Src/main.o
 .ARM.attributes
                0x00000000000000b0       0x33 Core/Src/stm32f1xx_hal_msp.o
 .ARM.attributes
                0x00000000000000e3       0x33 Core/Src/stm32f1xx_it.o
 .ARM.attributes
                0x0000000000000116       0x33 Core/Src/system_stm32f1xx.o
 .ARM.attributes
                0x0000000000000149       0x21 Core/Startup/startup_stm32f103c8tx.o
 .ARM.attributes
                0x000000000000016a       0x33 Drivers/STM32F1xx_HAL_Driver/Src/stm32f1xx_hal.o
 .ARM.attributes
                0x000000000000019d       0x33 Drivers/STM32F1xx_HAL_Driver/Src/stm32f1xx_hal_cortex.o
 .ARM.attributes
                0x00000000000001d0       0x33 Drivers/STM32F1xx_HAL_Driver/Src/stm32f1xx_hal_gpio.o
 .ARM.attributes
                0x0000000000000203       0x33 Drivers/STM32F1xx_HAL_Driver/Src/stm32f1xx_hal_pcd.o
 .ARM.attributes
                0x0000000000000236       0x33 Drivers/STM32F1xx_HAL_Driver/Src/stm32f1xx_hal_pcd_ex.o
 .ARM.attributes
                0x0000000000000269       0x33 Drivers/STM32F1xx_HAL_Driver/Src/stm32f1xx_hal_rcc.o
 .ARM.attributes
                0x000000000000029c       0x33 Drivers/STM32F1xx_HAL_Driver/Src/stm32f1xx_hal_rcc_ex.o
 .ARM.attributes
                0x00000000000002cf       0x33 Drivers/STM32F1xx_HAL_Driver/Src/stm32f1xx_ll_usb.o
 .ARM.attributes
                0x0000000000000302       0x33 Middlewares/ST/STM32_USB_Device_Library/Class/CDC/Src/usbd_cdc.o
 .ARM.attributes
                0x0000000000000335       0x33 Middlewares/ST/STM32_USB_Device_Library/Core/Src/usbd_core.o
 .ARM.attributes
                0x0000000000000368       0x33 Middlewares/ST/STM32_USB_Device_Library/Core/Src/usbd_ctlreq.o
 .ARM.attributes
                0x000000000000039b       0x33 Middlewares/ST/STM32_USB_Device_Library/Core/Src/usbd_ioreq.o
 .ARM.attributes
                0x00000000000003ce       0x33 Source/App/TheApp/TheApp.o
 .ARM.attributes
                0x0000000000000401       0x33 Source/Cdd/Led/Led.o
 .ARM.attributes
                0x0000000000000434       0x33 Source/Cdd/VirtulComPort/VirtualComPort.o
 .ARM.attributes
                0x0000000000000467       0x33 Source/Services/Kernel/Init.o
 .ARM.attributes
                0x000000000000049a       0x33 Source/Services/Kernel/Sys.o
 .ARM.attributes
                0x00000000000004cd       0x33 Source/Services/SchM/SchM.o
 .ARM.attributes
                0x0000000000000500       0x33 Source/Services/SchM/SchM_Callouts.o
 .ARM.attributes
                0x0000000000000533       0x33 Source/Utils/CircularFIFOBuffer/CircularFIFOBuffer.o
 .ARM.attributes
                0x0000000000000566       0x33 Source/Utils/Utils.o
 .ARM.attributes
                0x0000000000000599       0x33 USB_DEVICE/App/usb_device.o
 .ARM.attributes
                0x00000000000005cc       0x33 USB_DEVICE/App/usbd_cdc_if.o
 .ARM.attributes
                0x00000000000005ff       0x33 USB_DEVICE/App/usbd_desc.o
 .ARM.attributes
                0x0000000000000632       0x33 USB_DEVICE/Target/usbd_conf.o
 .ARM.attributes
                0x0000000000000665       0x2d c:/st/stm32cubeide_1.4.0/stm32cubeide/plugins/com.st.stm32cube.ide.mcu.externaltools.gnu-tools-for-stm32.7-2018-q2-update.win32_1.4.0.202007081208/tools/bin/../lib/gcc/arm-none-eabi/7.3.1/../../../../arm-none-eabi/lib/thumb/v7-m\libc_nano.a(lib_a-init.o)
 .ARM.attributes
                0x0000000000000692       0x2d c:/st/stm32cubeide_1.4.0/stm32cubeide/plugins/com.st.stm32cube.ide.mcu.externaltools.gnu-tools-for-stm32.7-2018-q2-update.win32_1.4.0.202007081208/tools/bin/../lib/gcc/arm-none-eabi/7.3.1/../../../../arm-none-eabi/lib/thumb/v7-m\libc_nano.a(lib_a-memset.o)
 .ARM.attributes
                0x00000000000006bf       0x1d c:/st/stm32cubeide_1.4.0/stm32cubeide/plugins/com.st.stm32cube.ide.mcu.externaltools.gnu-tools-for-stm32.7-2018-q2-update.win32_1.4.0.202007081208/tools/bin/../lib/gcc/arm-none-eabi/7.3.1/thumb/v7-m/crtn.o
OUTPUT(ControlSocketViaUSB.elf elf32-littlearm)

.debug_info     0x0000000000000000    0x16de4
 .debug_info    0x0000000000000000      0x379 Core/Src/gpio.o
 .debug_info    0x0000000000000379      0xb64 Core/Src/main.o
 .debug_info    0x0000000000000edd      0x2d6 Core/Src/stm32f1xx_hal_msp.o
 .debug_info    0x00000000000011b3      0xeb6 Core/Src/stm32f1xx_it.o
 .debug_info    0x0000000000002069      0x29a Core/Src/system_stm32f1xx.o
 .debug_info    0x0000000000002303       0x22 Core/Startup/startup_stm32f103c8tx.o
 .debug_info    0x0000000000002325      0x714 Drivers/STM32F1xx_HAL_Driver/Src/stm32f1xx_hal.o
 .debug_info    0x0000000000002a39      0xb51 Drivers/STM32F1xx_HAL_Driver/Src/stm32f1xx_hal_cortex.o
 .debug_info    0x000000000000358a      0x69b Drivers/STM32F1xx_HAL_Driver/Src/stm32f1xx_hal_gpio.o
 .debug_info    0x0000000000003c25     0x122f Drivers/STM32F1xx_HAL_Driver/Src/stm32f1xx_hal_pcd.o
 .debug_info    0x0000000000004e54      0x785 Drivers/STM32F1xx_HAL_Driver/Src/stm32f1xx_hal_pcd_ex.o
 .debug_info    0x00000000000055d9      0x80f Drivers/STM32F1xx_HAL_Driver/Src/stm32f1xx_hal_rcc.o
 .debug_info    0x0000000000005de8      0x444 Drivers/STM32F1xx_HAL_Driver/Src/stm32f1xx_hal_rcc_ex.o
 .debug_info    0x000000000000622c     0x17e7 Drivers/STM32F1xx_HAL_Driver/Src/stm32f1xx_ll_usb.o
 .debug_info    0x0000000000007a13     0x17b6 Middlewares/ST/STM32_USB_Device_Library/Class/CDC/Src/usbd_cdc.o
 .debug_info    0x00000000000091c9     0x11d2 Middlewares/ST/STM32_USB_Device_Library/Core/Src/usbd_core.o
 .debug_info    0x000000000000a39b     0x1142 Middlewares/ST/STM32_USB_Device_Library/Core/Src/usbd_ctlreq.o
 .debug_info    0x000000000000b4dd      0xf33 Middlewares/ST/STM32_USB_Device_Library/Core/Src/usbd_ioreq.o
 .debug_info    0x000000000000c410      0xcdc Source/App/TheApp/TheApp.o
 .debug_info    0x000000000000d0ec      0xa80 Source/Cdd/Led/Led.o
 .debug_info    0x000000000000db6c      0xb12 Source/Cdd/VirtulComPort/VirtualComPort.o
 .debug_info    0x000000000000e67e      0x994 Source/Services/Kernel/Init.o
 .debug_info    0x000000000000f012      0xa0e Source/Services/Kernel/Sys.o
 .debug_info    0x000000000000fa20      0x9f9 Source/Services/SchM/SchM.o
 .debug_info    0x0000000000010419      0x9fa Source/Services/SchM/SchM_Callouts.o
 .debug_info    0x0000000000010e13      0xae4 Source/Utils/CircularFIFOBuffer/CircularFIFOBuffer.o
 .debug_info    0x00000000000118f7      0xb6c Source/Utils/Utils.o
 .debug_info    0x0000000000012463      0xe7b USB_DEVICE/App/usb_device.o
 .debug_info    0x00000000000132de     0x1036 USB_DEVICE/App/usbd_cdc_if.o
 .debug_info    0x0000000000014314      0xd16 USB_DEVICE/App/usbd_desc.o
 .debug_info    0x000000000001502a     0x1dba USB_DEVICE/Target/usbd_conf.o

.debug_abbrev   0x0000000000000000     0x3b96
 .debug_abbrev  0x0000000000000000      0x134 Core/Src/gpio.o
 .debug_abbrev  0x0000000000000134      0x1e5 Core/Src/main.o
 .debug_abbrev  0x0000000000000319      0x109 Core/Src/stm32f1xx_hal_msp.o
 .debug_abbrev  0x0000000000000422      0x1c7 Core/Src/stm32f1xx_it.o
 .debug_abbrev  0x00000000000005e9      0x134 Core/Src/system_stm32f1xx.o
 .debug_abbrev  0x000000000000071d       0x12 Core/Startup/startup_stm32f103c8tx.o
 .debug_abbrev  0x000000000000072f      0x1c7 Drivers/STM32F1xx_HAL_Driver/Src/stm32f1xx_hal.o
 .debug_abbrev  0x00000000000008f6      0x2d5 Drivers/STM32F1xx_HAL_Driver/Src/stm32f1xx_hal_cortex.o
 .debug_abbrev  0x0000000000000bcb      0x1c0 Drivers/STM32F1xx_HAL_Driver/Src/stm32f1xx_hal_gpio.o
 .debug_abbrev  0x0000000000000d8b      0x268 Drivers/STM32F1xx_HAL_Driver/Src/stm32f1xx_hal_pcd.o
 .debug_abbrev  0x0000000000000ff3      0x188 Drivers/STM32F1xx_HAL_Driver/Src/stm32f1xx_hal_pcd_ex.o
 .debug_abbrev  0x000000000000117b      0x243 Drivers/STM32F1xx_HAL_Driver/Src/stm32f1xx_hal_rcc.o
 .debug_abbrev  0x00000000000013be      0x175 Drivers/STM32F1xx_HAL_Driver/Src/stm32f1xx_hal_rcc_ex.o
 .debug_abbrev  0x0000000000001533      0x1d2 Drivers/STM32F1xx_HAL_Driver/Src/stm32f1xx_ll_usb.o
 .debug_abbrev  0x0000000000001705      0x2b6 Middlewares/ST/STM32_USB_Device_Library/Class/CDC/Src/usbd_cdc.o
 .debug_abbrev  0x00000000000019bb      0x270 Middlewares/ST/STM32_USB_Device_Library/Core/Src/usbd_core.o
 .debug_abbrev  0x0000000000001c2b      0x2a0 Middlewares/ST/STM32_USB_Device_Library/Core/Src/usbd_ctlreq.o
 .debug_abbrev  0x0000000000001ecb      0x1e0 Middlewares/ST/STM32_USB_Device_Library/Core/Src/usbd_ioreq.o
 .debug_abbrev  0x00000000000020ab      0x21e Source/App/TheApp/TheApp.o
 .debug_abbrev  0x00000000000022c9      0x1f7 Source/Cdd/Led/Led.o
 .debug_abbrev  0x00000000000024c0      0x23e Source/Cdd/VirtulComPort/VirtualComPort.o
 .debug_abbrev  0x00000000000026fe      0x195 Source/Services/Kernel/Init.o
 .debug_abbrev  0x0000000000002893      0x1ec Source/Services/Kernel/Sys.o
 .debug_abbrev  0x0000000000002a7f      0x1ea Source/Services/SchM/SchM.o
 .debug_abbrev  0x0000000000002c69      0x1ad Source/Services/SchM/SchM_Callouts.o
 .debug_abbrev  0x0000000000002e16      0x1f0 Source/Utils/CircularFIFOBuffer/CircularFIFOBuffer.o
 .debug_abbrev  0x0000000000003006      0x1eb Source/Utils/Utils.o
 .debug_abbrev  0x00000000000031f1      0x1be USB_DEVICE/App/usb_device.o
 .debug_abbrev  0x00000000000033af      0x285 USB_DEVICE/App/usbd_cdc_if.o
 .debug_abbrev  0x0000000000003634      0x287 USB_DEVICE/App/usbd_desc.o
 .debug_abbrev  0x00000000000038bb      0x2db USB_DEVICE/Target/usbd_conf.o

.debug_aranges  0x0000000000000000      0xc88
 .debug_aranges
                0x0000000000000000       0x20 Core/Src/gpio.o
 .debug_aranges
                0x0000000000000020       0x30 Core/Src/main.o
 .debug_aranges
                0x0000000000000050       0x20 Core/Src/stm32f1xx_hal_msp.o
 .debug_aranges
                0x0000000000000070       0x68 Core/Src/stm32f1xx_it.o
 .debug_aranges
                0x00000000000000d8       0x28 Core/Src/system_stm32f1xx.o
 .debug_aranges
                0x0000000000000100       0x28 Core/Startup/startup_stm32f103c8tx.o
 .debug_aranges
                0x0000000000000128       0xe0 Drivers/STM32F1xx_HAL_Driver/Src/stm32f1xx_hal.o
 .debug_aranges
                0x0000000000000208      0x100 Drivers/STM32F1xx_HAL_Driver/Src/stm32f1xx_hal_cortex.o
 .debug_aranges
                0x0000000000000308       0x58 Drivers/STM32F1xx_HAL_Driver/Src/stm32f1xx_hal_gpio.o
 .debug_aranges
                0x0000000000000360      0x138 Drivers/STM32F1xx_HAL_Driver/Src/stm32f1xx_hal_pcd.o
 .debug_aranges
                0x0000000000000498       0x38 Drivers/STM32F1xx_HAL_Driver/Src/stm32f1xx_hal_pcd_ex.o
 .debug_aranges
                0x00000000000004d0       0x90 Drivers/STM32F1xx_HAL_Driver/Src/stm32f1xx_hal_rcc.o
 .debug_aranges
                0x0000000000000560       0x30 Drivers/STM32F1xx_HAL_Driver/Src/stm32f1xx_hal_rcc_ex.o
 .debug_aranges
                0x0000000000000590       0xf0 Drivers/STM32F1xx_HAL_Driver/Src/stm32f1xx_ll_usb.o
 .debug_aranges
                0x0000000000000680       0x90 Middlewares/ST/STM32_USB_Device_Library/Class/CDC/Src/usbd_cdc.o
 .debug_aranges
                0x0000000000000710       0xb8 Middlewares/ST/STM32_USB_Device_Library/Core/Src/usbd_core.o
 .debug_aranges
                0x00000000000007c8       0x88 Middlewares/ST/STM32_USB_Device_Library/Core/Src/usbd_ctlreq.o
 .debug_aranges
                0x0000000000000850       0x50 Middlewares/ST/STM32_USB_Device_Library/Core/Src/usbd_ioreq.o
 .debug_aranges
                0x00000000000008a0       0x40 Source/App/TheApp/TheApp.o
 .debug_aranges
                0x00000000000008e0       0x30 Source/Cdd/Led/Led.o
 .debug_aranges
                0x0000000000000910       0x40 Source/Cdd/VirtulComPort/VirtualComPort.o
 .debug_aranges
                0x0000000000000950       0x20 Source/Services/Kernel/Init.o
 .debug_aranges
                0x0000000000000970       0x38 Source/Services/Kernel/Sys.o
 .debug_aranges
                0x00000000000009a8       0x30 Source/Services/SchM/SchM.o
 .debug_aranges
                0x00000000000009d8       0x50 Source/Services/SchM/SchM_Callouts.o
 .debug_aranges
                0x0000000000000a28       0x40 Source/Utils/CircularFIFOBuffer/CircularFIFOBuffer.o
 .debug_aranges
                0x0000000000000a68       0x48 Source/Utils/Utils.o
 .debug_aranges
                0x0000000000000ab0       0x20 USB_DEVICE/App/usb_device.o
 .debug_aranges
                0x0000000000000ad0       0x40 USB_DEVICE/App/usbd_cdc_if.o
 .debug_aranges
                0x0000000000000b10       0x60 USB_DEVICE/App/usbd_desc.o
 .debug_aranges
                0x0000000000000b70      0x118 USB_DEVICE/Target/usbd_conf.o

.debug_ranges   0x0000000000000000      0xaa0
 .debug_ranges  0x0000000000000000       0x10 Core/Src/gpio.o
 .debug_ranges  0x0000000000000010       0x20 Core/Src/main.o
 .debug_ranges  0x0000000000000030       0x10 Core/Src/stm32f1xx_hal_msp.o
 .debug_ranges  0x0000000000000040       0x58 Core/Src/stm32f1xx_it.o
 .debug_ranges  0x0000000000000098       0x18 Core/Src/system_stm32f1xx.o
 .debug_ranges  0x00000000000000b0       0x20 Core/Startup/startup_stm32f103c8tx.o
 .debug_ranges  0x00000000000000d0       0xd0 Drivers/STM32F1xx_HAL_Driver/Src/stm32f1xx_hal.o
 .debug_ranges  0x00000000000001a0       0xf0 Drivers/STM32F1xx_HAL_Driver/Src/stm32f1xx_hal_cortex.o
 .debug_ranges  0x0000000000000290       0x48 Drivers/STM32F1xx_HAL_Driver/Src/stm32f1xx_hal_gpio.o
 .debug_ranges  0x00000000000002d8      0x128 Drivers/STM32F1xx_HAL_Driver/Src/stm32f1xx_hal_pcd.o
 .debug_ranges  0x0000000000000400       0x28 Drivers/STM32F1xx_HAL_Driver/Src/stm32f1xx_hal_pcd_ex.o
 .debug_ranges  0x0000000000000428       0x80 Drivers/STM32F1xx_HAL_Driver/Src/stm32f1xx_hal_rcc.o
 .debug_ranges  0x00000000000004a8       0x20 Drivers/STM32F1xx_HAL_Driver/Src/stm32f1xx_hal_rcc_ex.o
 .debug_ranges  0x00000000000004c8       0xe0 Drivers/STM32F1xx_HAL_Driver/Src/stm32f1xx_ll_usb.o
 .debug_ranges  0x00000000000005a8       0x80 Middlewares/ST/STM32_USB_Device_Library/Class/CDC/Src/usbd_cdc.o
 .debug_ranges  0x0000000000000628       0xa8 Middlewares/ST/STM32_USB_Device_Library/Core/Src/usbd_core.o
 .debug_ranges  0x00000000000006d0       0x78 Middlewares/ST/STM32_USB_Device_Library/Core/Src/usbd_ctlreq.o
 .debug_ranges  0x0000000000000748       0x40 Middlewares/ST/STM32_USB_Device_Library/Core/Src/usbd_ioreq.o
 .debug_ranges  0x0000000000000788       0x30 Source/App/TheApp/TheApp.o
 .debug_ranges  0x00000000000007b8       0x20 Source/Cdd/Led/Led.o
 .debug_ranges  0x00000000000007d8       0x30 Source/Cdd/VirtulComPort/VirtualComPort.o
 .debug_ranges  0x0000000000000808       0x10 Source/Services/Kernel/Init.o
 .debug_ranges  0x0000000000000818       0x28 Source/Services/Kernel/Sys.o
 .debug_ranges  0x0000000000000840       0x20 Source/Services/SchM/SchM.o
 .debug_ranges  0x0000000000000860       0x40 Source/Services/SchM/SchM_Callouts.o
 .debug_ranges  0x00000000000008a0       0x30 Source/Utils/CircularFIFOBuffer/CircularFIFOBuffer.o
 .debug_ranges  0x00000000000008d0       0x38 Source/Utils/Utils.o
 .debug_ranges  0x0000000000000908       0x10 USB_DEVICE/App/usb_device.o
 .debug_ranges  0x0000000000000918       0x30 USB_DEVICE/App/usbd_cdc_if.o
 .debug_ranges  0x0000000000000948       0x50 USB_DEVICE/App/usbd_desc.o
 .debug_ranges  0x0000000000000998      0x108 USB_DEVICE/Target/usbd_conf.o

.debug_macro    0x0000000000000000    0x1b2ee
 .debug_macro   0x0000000000000000      0x1c1 Core/Src/gpio.o
 .debug_macro   0x00000000000001c1      0xa5a Core/Src/gpio.o
 .debug_macro   0x0000000000000c1b      0x215 Core/Src/gpio.o
 .debug_macro   0x0000000000000e30       0x2e Core/Src/gpio.o
 .debug_macro   0x0000000000000e5e       0x22 Core/Src/gpio.o
 .debug_macro   0x0000000000000e80       0x22 Core/Src/gpio.o
 .debug_macro   0x0000000000000ea2       0x8e Core/Src/gpio.o
 .debug_macro   0x0000000000000f30       0x51 Core/Src/gpio.o
 .debug_macro   0x0000000000000f81       0xef Core/Src/gpio.o
 .debug_macro   0x0000000000001070       0x6a Core/Src/gpio.o
 .debug_macro   0x00000000000010da      0x1df Core/Src/gpio.o
 .debug_macro   0x00000000000012b9       0x1c Core/Src/gpio.o
 .debug_macro   0x00000000000012d5       0x22 Core/Src/gpio.o
 .debug_macro   0x00000000000012f7       0xc3 Core/Src/gpio.o
 .debug_macro   0x00000000000013ba      0xd23 Core/Src/gpio.o
 .debug_macro   0x00000000000020dd     0xe097 Core/Src/gpio.o
 .debug_macro   0x0000000000010174       0x43 Core/Src/gpio.o
 .debug_macro   0x00000000000101b7     0x3468 Core/Src/gpio.o
 .debug_macro   0x000000000001361f      0x174 Core/Src/gpio.o
 .debug_macro   0x0000000000013793       0x5c Core/Src/gpio.o
 .debug_macro   0x00000000000137ef      0x5be Core/Src/gpio.o
 .debug_macro   0x0000000000013dad      0x289 Core/Src/gpio.o
 .debug_macro   0x0000000000014036      0x1cb Core/Src/gpio.o
 .debug_macro   0x0000000000014201      0x114 Core/Src/gpio.o
 .debug_macro   0x0000000000014315      0x1b2 Core/Src/gpio.o
 .debug_macro   0x00000000000144c7       0x27 Core/Src/gpio.o
 .debug_macro   0x00000000000144ee      0x136 Core/Src/gpio.o
 .debug_macro   0x0000000000014624      0x1bc Core/Src/gpio.o
 .debug_macro   0x00000000000147e0       0x34 Core/Src/gpio.o
 .debug_macro   0x0000000000014814       0x3c Core/Src/gpio.o
 .debug_macro   0x0000000000014850       0x57 Core/Src/gpio.o
 .debug_macro   0x00000000000148a7       0x88 Core/Src/gpio.o
 .debug_macro   0x000000000001492f      0x241 Core/Src/gpio.o
 .debug_macro   0x0000000000014b70      0x141 Core/Src/gpio.o
 .debug_macro   0x0000000000014cb1       0x65 Core/Src/gpio.o
 .debug_macro   0x0000000000014d16      0x249 Core/Src/gpio.o
 .debug_macro   0x0000000000014f5f       0x83 Core/Src/gpio.o
 .debug_macro   0x0000000000014fe2       0x34 Core/Src/gpio.o
 .debug_macro   0x0000000000015016      0x3e1 Core/Src/main.o
 .debug_macro   0x00000000000153f7       0x46 Core/Src/main.o
 .debug_macro   0x000000000001543d       0x18 Core/Src/main.o
 .debug_macro   0x0000000000015455       0x3c Core/Src/main.o
 .debug_macro   0x0000000000015491       0x34 Core/Src/main.o
 .debug_macro   0x00000000000154c5       0x16 Core/Src/main.o
 .debug_macro   0x00000000000154db       0x35 Core/Src/main.o
 .debug_macro   0x0000000000015510      0x32a Core/Src/main.o
 .debug_macro   0x000000000001583a       0x10 Core/Src/main.o
 .debug_macro   0x000000000001584a       0x52 Core/Src/main.o
 .debug_macro   0x000000000001589c       0x1f Core/Src/main.o
 .debug_macro   0x00000000000158bb       0x43 Core/Src/main.o
 .debug_macro   0x00000000000158fe       0x20 Core/Src/main.o
 .debug_macro   0x000000000001591e      0x1a3 Core/Src/main.o
 .debug_macro   0x0000000000015ac1       0x10 Core/Src/main.o
 .debug_macro   0x0000000000015ad1       0x1c Core/Src/main.o
 .debug_macro   0x0000000000015aed       0x52 Core/Src/main.o
 .debug_macro   0x0000000000015b3f       0x40 Core/Src/main.o
 .debug_macro   0x0000000000015b7f       0x10 Core/Src/main.o
 .debug_macro   0x0000000000015b8f       0x40 Core/Src/main.o
 .debug_macro   0x0000000000015bcf       0xd7 Core/Src/main.o
 .debug_macro   0x0000000000015ca6       0x1c Core/Src/main.o
 .debug_macro   0x0000000000015cc2       0x3d Core/Src/main.o
 .debug_macro   0x0000000000015cff       0x16 Core/Src/main.o
 .debug_macro   0x0000000000015d15      0x145 Core/Src/main.o
 .debug_macro   0x0000000000015e5a       0x16 Core/Src/main.o
 .debug_macro   0x0000000000015e70       0x16 Core/Src/main.o
 .debug_macro   0x0000000000015e86       0x29 Core/Src/main.o
 .debug_macro   0x0000000000015eaf       0x16 Core/Src/main.o
 .debug_macro   0x0000000000015ec5       0x20 Core/Src/main.o
 .debug_macro   0x0000000000015ee5       0x60 Core/Src/main.o
 .debug_macro   0x0000000000015f45      0x1c8 Core/Src/main.o
 .debug_macro   0x000000000001610d       0x22 Core/Src/main.o
 .debug_macro   0x000000000001612f       0x28 Core/Src/main.o
 .debug_macro   0x0000000000016157      0x1b7 Core/Src/stm32f1xx_hal_msp.o
 .debug_macro   0x000000000001630e      0x2bc Core/Src/stm32f1xx_it.o
 .debug_macro   0x00000000000165ca       0x10 Core/Src/stm32f1xx_it.o
 .debug_macro   0x00000000000165da      0x1a8 Core/Src/system_stm32f1xx.o
 .debug_macro   0x0000000000016782      0x1cc Drivers/STM32F1xx_HAL_Driver/Src/stm32f1xx_hal.o
 .debug_macro   0x000000000001694e      0x1a8 Drivers/STM32F1xx_HAL_Driver/Src/stm32f1xx_hal_cortex.o
 .debug_macro   0x0000000000016af6      0x213 Drivers/STM32F1xx_HAL_Driver/Src/stm32f1xx_hal_gpio.o
 .debug_macro   0x0000000000016d09      0x1b4 Drivers/STM32F1xx_HAL_Driver/Src/stm32f1xx_hal_pcd.o
 .debug_macro   0x0000000000016ebd      0x1a8 Drivers/STM32F1xx_HAL_Driver/Src/stm32f1xx_hal_pcd_ex.o
 .debug_macro   0x0000000000017065      0x1ba Drivers/STM32F1xx_HAL_Driver/Src/stm32f1xx_hal_rcc.o
 .debug_macro   0x000000000001721f      0x1a8 Drivers/STM32F1xx_HAL_Driver/Src/stm32f1xx_hal_rcc_ex.o
 .debug_macro   0x00000000000173c7      0x1a8 Drivers/STM32F1xx_HAL_Driver/Src/stm32f1xx_ll_usb.o
 .debug_macro   0x000000000001756f      0x3c4 Middlewares/ST/STM32_USB_Device_Library/Class/CDC/Src/usbd_cdc.o
 .debug_macro   0x0000000000017933       0x97 Middlewares/ST/STM32_USB_Device_Library/Class/CDC/Src/usbd_cdc.o
 .debug_macro   0x00000000000179ca       0xfd Middlewares/ST/STM32_USB_Device_Library/Class/CDC/Src/usbd_cdc.o
 .debug_macro   0x0000000000017ac7       0xbd Middlewares/ST/STM32_USB_Device_Library/Class/CDC/Src/usbd_cdc.o
 .debug_macro   0x0000000000017b84       0x56 Middlewares/ST/STM32_USB_Device_Library/Class/CDC/Src/usbd_cdc.o
 .debug_macro   0x0000000000017bda       0x8f Middlewares/ST/STM32_USB_Device_Library/Class/CDC/Src/usbd_cdc.o
 .debug_macro   0x0000000000017c69      0x3ab Middlewares/ST/STM32_USB_Device_Library/Core/Src/usbd_core.o
 .debug_macro   0x0000000000018014      0x1ce Middlewares/ST/STM32_USB_Device_Library/Core/Src/usbd_core.o
 .debug_macro   0x00000000000181e2      0x3b5 Middlewares/ST/STM32_USB_Device_Library/Core/Src/usbd_ctlreq.o
 .debug_macro   0x0000000000018597      0x3b1 Middlewares/ST/STM32_USB_Device_Library/Core/Src/usbd_ioreq.o
 .debug_macro   0x0000000000018948      0x2f5 Source/App/TheApp/TheApp.o
 .debug_macro   0x0000000000018c3d       0x10 Source/App/TheApp/TheApp.o
 .debug_macro   0x0000000000018c4d      0x2be Source/Cdd/Led/Led.o
 .debug_macro   0x0000000000018f0b      0x2c7 Source/Cdd/VirtulComPort/VirtualComPort.o
 .debug_macro   0x00000000000191d2       0x10 Source/Cdd/VirtulComPort/VirtualComPort.o
 .debug_macro   0x00000000000191e2      0x2f5 Source/Services/Kernel/Init.o
 .debug_macro   0x00000000000194d7       0x2e Source/Services/Kernel/Init.o
 .debug_macro   0x0000000000019505      0x2b2 Source/Services/Kernel/Sys.o
 .debug_macro   0x00000000000197b7      0x2c7 Source/Services/SchM/SchM.o
 .debug_macro   0x0000000000019a7e       0x28 Source/Services/SchM/SchM.o
 .debug_macro   0x0000000000019aa6      0x2d5 Source/Services/SchM/SchM_Callouts.o
 .debug_macro   0x0000000000019d7b      0x2b8 Source/Utils/CircularFIFOBuffer/CircularFIFOBuffer.o
 .debug_macro   0x000000000001a033      0x2ba Source/Utils/Utils.o
 .debug_macro   0x000000000001a2ed      0x3e4 USB_DEVICE/App/usb_device.o
 .debug_macro   0x000000000001a6d1       0x3a USB_DEVICE/App/usb_device.o
 .debug_macro   0x000000000001a70b       0x22 USB_DEVICE/App/usb_device.o
 .debug_macro   0x000000000001a72d       0x16 USB_DEVICE/App/usb_device.o
 .debug_macro   0x000000000001a743      0x3cf USB_DEVICE/App/usbd_cdc_if.o
 .debug_macro   0x000000000001ab12       0x10 USB_DEVICE/App/usbd_cdc_if.o
 .debug_macro   0x000000000001ab22      0x3e8 USB_DEVICE/App/usbd_desc.o
 .debug_macro   0x000000000001af0a       0x1c USB_DEVICE/App/usbd_desc.o
 .debug_macro   0x000000000001af26      0x3c8 USB_DEVICE/Target/usbd_conf.o

.debug_line     0x0000000000000000    0x124e8
 .debug_line    0x0000000000000000      0x680 Core/Src/gpio.o
 .debug_line    0x0000000000000680      0xb3e Core/Src/main.o
 .debug_line    0x00000000000011be      0x676 Core/Src/stm32f1xx_hal_msp.o
 .debug_line    0x0000000000001834      0xa58 Core/Src/stm32f1xx_it.o
 .debug_line    0x000000000000228c      0x69d Core/Src/system_stm32f1xx.o
 .debug_line    0x0000000000002929       0x84 Core/Startup/startup_stm32f103c8tx.o
 .debug_line    0x00000000000029ad      0x850 Drivers/STM32F1xx_HAL_Driver/Src/stm32f1xx_hal.o
 .debug_line    0x00000000000031fd      0x927 Drivers/STM32F1xx_HAL_Driver/Src/stm32f1xx_hal_cortex.o
 .debug_line    0x0000000000003b24      0x84c Drivers/STM32F1xx_HAL_Driver/Src/stm32f1xx_hal_gpio.o
 .debug_line    0x0000000000004370      0xcb4 Drivers/STM32F1xx_HAL_Driver/Src/stm32f1xx_hal_pcd.o
 .debug_line    0x0000000000005024      0x6c1 Drivers/STM32F1xx_HAL_Driver/Src/stm32f1xx_hal_pcd_ex.o
 .debug_line    0x00000000000056e5      0x910 Drivers/STM32F1xx_HAL_Driver/Src/stm32f1xx_hal_rcc.o
 .debug_line    0x0000000000005ff5      0x72e Drivers/STM32F1xx_HAL_Driver/Src/stm32f1xx_hal_rcc_ex.o
 .debug_line    0x0000000000006723      0xce9 Drivers/STM32F1xx_HAL_Driver/Src/stm32f1xx_ll_usb.o
 .debug_line    0x000000000000740c      0xb2c Middlewares/ST/STM32_USB_Device_Library/Class/CDC/Src/usbd_cdc.o
 .debug_line    0x0000000000007f38      0xb67 Middlewares/ST/STM32_USB_Device_Library/Core/Src/usbd_core.o
 .debug_line    0x0000000000008a9f      0xbf0 Middlewares/ST/STM32_USB_Device_Library/Core/Src/usbd_ctlreq.o
 .debug_line    0x000000000000968f      0x9d0 Middlewares/ST/STM32_USB_Device_Library/Core/Src/usbd_ioreq.o
 .debug_line    0x000000000000a05f      0xa8b Source/App/TheApp/TheApp.o
 .debug_line    0x000000000000aaea      0x958 Source/Cdd/Led/Led.o
 .debug_line    0x000000000000b442      0xa35 Source/Cdd/VirtulComPort/VirtualComPort.o
 .debug_line    0x000000000000be77      0xb1e Source/Services/Kernel/Init.o
 .debug_line    0x000000000000c995      0x968 Source/Services/Kernel/Sys.o
 .debug_line    0x000000000000d2fd      0x9de Source/Services/SchM/SchM.o
 .debug_line    0x000000000000dcdb      0xaff Source/Services/SchM/SchM_Callouts.o
 .debug_line    0x000000000000e7da      0x9b3 Source/Utils/CircularFIFOBuffer/CircularFIFOBuffer.o
 .debug_line    0x000000000000f18d      0x9d1 Source/Utils/Utils.o
 .debug_line    0x000000000000fb5e      0x9b2 USB_DEVICE/App/usb_device.o
 .debug_line    0x0000000000010510      0x9e6 USB_DEVICE/App/usbd_cdc_if.o
 .debug_line    0x0000000000010ef6      0xa04 USB_DEVICE/App/usbd_desc.o
 .debug_line    0x00000000000118fa      0xbee USB_DEVICE/Target/usbd_conf.o

.debug_str      0x0000000000000000    0x8542e
 .debug_str     0x0000000000000000    0x7cde5 Core/Src/gpio.o
                                      0x7d138 (size before relaxing)
 .debug_str     0x000000000007cde5     0x4dd3 Core/Src/main.o
                                      0x81ee5 (size before relaxing)
 .debug_str     0x0000000000081bb8       0x5a Core/Src/stm32f1xx_hal_msp.o
                                      0x7d0f0 (size before relaxing)
 .debug_str     0x0000000000081c12      0x401 Core/Src/stm32f1xx_it.o
                                      0x804e9 (size before relaxing)
 .debug_str     0x0000000000082013       0x52 Core/Src/system_stm32f1xx.o
                                      0x7d03a (size before relaxing)
 .debug_str     0x0000000000082065       0x36 Core/Startup/startup_stm32f103c8tx.o
                                         0x8f (size before relaxing)
 .debug_str     0x000000000008209b      0x55e Drivers/STM32F1xx_HAL_Driver/Src/stm32f1xx_hal.o
                                      0x7d6cb (size before relaxing)
 .debug_str     0x00000000000825f9      0x2d8 Drivers/STM32F1xx_HAL_Driver/Src/stm32f1xx_hal_cortex.o
                                      0x7d6d3 (size before relaxing)
 .debug_str     0x00000000000828d1      0x324 Drivers/STM32F1xx_HAL_Driver/Src/stm32f1xx_hal_gpio.o
                                      0x7d3fe (size before relaxing)
 .debug_str     0x0000000000082bf5      0x3e5 Drivers/STM32F1xx_HAL_Driver/Src/stm32f1xx_hal_pcd.o
                                      0x7d78d (size before relaxing)
 .debug_str     0x0000000000082fda      0x18d Drivers/STM32F1xx_HAL_Driver/Src/stm32f1xx_hal_pcd_ex.o
                                      0x7d4da (size before relaxing)
 .debug_str     0x0000000000083167      0x24f Drivers/STM32F1xx_HAL_Driver/Src/stm32f1xx_hal_rcc.o
                                      0x7d437 (size before relaxing)
 .debug_str     0x00000000000833b6       0xb9 Drivers/STM32F1xx_HAL_Driver/Src/stm32f1xx_hal_rcc_ex.o
                                      0x7d1c4 (size before relaxing)
 .debug_str     0x000000000008346f      0x2ad Drivers/STM32F1xx_HAL_Driver/Src/stm32f1xx_ll_usb.o
                                      0x7d50d (size before relaxing)
 .debug_str     0x000000000008371c      0x8d9 Middlewares/ST/STM32_USB_Device_Library/Class/CDC/Src/usbd_cdc.o
                                      0x828e9 (size before relaxing)
 .debug_str     0x0000000000083ff5      0x1b5 Middlewares/ST/STM32_USB_Device_Library/Core/Src/usbd_core.o
                                      0x821e4 (size before relaxing)
 .debug_str     0x00000000000841aa      0x134 Middlewares/ST/STM32_USB_Device_Library/Core/Src/usbd_ctlreq.o
                                      0x8216a (size before relaxing)
 .debug_str     0x00000000000842de       0xc9 Middlewares/ST/STM32_USB_Device_Library/Core/Src/usbd_ioreq.o
                                      0x820f2 (size before relaxing)
 .debug_str     0x00000000000843a7      0x464 Source/App/TheApp/TheApp.o
                                      0x8053f (size before relaxing)
 .debug_str     0x000000000008480b       0xb3 Source/Cdd/Led/Led.o
                                      0x8017c (size before relaxing)
 .debug_str     0x00000000000848be      0x181 Source/Cdd/VirtulComPort/VirtualComPort.o
                                      0x80277 (size before relaxing)
 .debug_str     0x0000000000084a3f       0xb9 Source/Services/Kernel/Init.o
                                      0x801c0 (size before relaxing)
 .debug_str     0x0000000000084af8       0x6d Source/Services/Kernel/Sys.o
                                      0x80123 (size before relaxing)
 .debug_str     0x0000000000084b65       0x92 Source/Services/SchM/SchM.o
                                      0x801e0 (size before relaxing)
 .debug_str     0x0000000000084bf7       0xe3 Source/Services/SchM/SchM_Callouts.o
                                      0x80241 (size before relaxing)
 .debug_str     0x0000000000084cda       0xe7 Source/Utils/CircularFIFOBuffer/CircularFIFOBuffer.o
                                      0x8020d (size before relaxing)
 .debug_str     0x0000000000084dc1      0x132 Source/Utils/Utils.o
                                      0x801da (size before relaxing)
 .debug_str     0x0000000000084ef3      0x118 USB_DEVICE/App/usb_device.o
                                      0x82459 (size before relaxing)
 .debug_str     0x000000000008500b       0x86 USB_DEVICE/App/usbd_cdc_if.o
                                      0x82491 (size before relaxing)
 .debug_str     0x0000000000085091      0x249 USB_DEVICE/App/usbd_desc.o
                                      0x8204e (size before relaxing)
 .debug_str     0x00000000000852da      0x154 USB_DEVICE/Target/usbd_conf.o
                                      0x82d0f (size before relaxing)

.comment        0x0000000000000000       0x7b
 .comment       0x0000000000000000       0x7b Core/Src/gpio.o
                                         0x7c (size before relaxing)
 .comment       0x000000000000007b       0x7c Core/Src/main.o
 .comment       0x000000000000007b       0x7c Core/Src/stm32f1xx_hal_msp.o
 .comment       0x000000000000007b       0x7c Core/Src/stm32f1xx_it.o
 .comment       0x000000000000007b       0x7c Core/Src/system_stm32f1xx.o
 .comment       0x000000000000007b       0x7c Drivers/STM32F1xx_HAL_Driver/Src/stm32f1xx_hal.o
 .comment       0x000000000000007b       0x7c Drivers/STM32F1xx_HAL_Driver/Src/stm32f1xx_hal_cortex.o
 .comment       0x000000000000007b       0x7c Drivers/STM32F1xx_HAL_Driver/Src/stm32f1xx_hal_gpio.o
 .comment       0x000000000000007b       0x7c Drivers/STM32F1xx_HAL_Driver/Src/stm32f1xx_hal_pcd.o
 .comment       0x000000000000007b       0x7c Drivers/STM32F1xx_HAL_Driver/Src/stm32f1xx_hal_pcd_ex.o
 .comment       0x000000000000007b       0x7c Drivers/STM32F1xx_HAL_Driver/Src/stm32f1xx_hal_rcc.o
 .comment       0x000000000000007b       0x7c Drivers/STM32F1xx_HAL_Driver/Src/stm32f1xx_hal_rcc_ex.o
 .comment       0x000000000000007b       0x7c Drivers/STM32F1xx_HAL_Driver/Src/stm32f1xx_ll_usb.o
 .comment       0x000000000000007b       0x7c Middlewares/ST/STM32_USB_Device_Library/Class/CDC/Src/usbd_cdc.o
 .comment       0x000000000000007b       0x7c Middlewares/ST/STM32_USB_Device_Library/Core/Src/usbd_core.o
 .comment       0x000000000000007b       0x7c Middlewares/ST/STM32_USB_Device_Library/Core/Src/usbd_ctlreq.o
 .comment       0x000000000000007b       0x7c Middlewares/ST/STM32_USB_Device_Library/Core/Src/usbd_ioreq.o
 .comment       0x000000000000007b       0x7c Source/App/TheApp/TheApp.o
 .comment       0x000000000000007b       0x7c Source/Cdd/Led/Led.o
 .comment       0x000000000000007b       0x7c Source/Cdd/VirtulComPort/VirtualComPort.o
 .comment       0x000000000000007b       0x7c Source/Services/Kernel/Init.o
 .comment       0x000000000000007b       0x7c Source/Services/Kernel/Sys.o
 .comment       0x000000000000007b       0x7c Source/Services/SchM/SchM.o
 .comment       0x000000000000007b       0x7c Source/Services/SchM/SchM_Callouts.o
 .comment       0x000000000000007b       0x7c Source/Utils/CircularFIFOBuffer/CircularFIFOBuffer.o
 .comment       0x000000000000007b       0x7c Source/Utils/Utils.o
 .comment       0x000000000000007b       0x7c USB_DEVICE/App/usb_device.o
 .comment       0x000000000000007b       0x7c USB_DEVICE/App/usbd_cdc_if.o
 .comment       0x000000000000007b       0x7c USB_DEVICE/App/usbd_desc.o
 .comment       0x000000000000007b       0x7c USB_DEVICE/Target/usbd_conf.o

.debug_frame    0x0000000000000000     0x2da8
 .debug_frame   0x0000000000000000       0x34 Core/Src/gpio.o
 .debug_frame   0x0000000000000034       0x70 Core/Src/main.o
 .debug_frame   0x00000000000000a4       0x38 Core/Src/stm32f1xx_hal_msp.o
 .debug_frame   0x00000000000000dc      0x128 Core/Src/stm32f1xx_it.o
 .debug_frame   0x0000000000000204       0x58 Core/Src/system_stm32f1xx.o
 .debug_frame   0x000000000000025c      0x334 Drivers/STM32F1xx_HAL_Driver/Src/stm32f1xx_hal.o
 .debug_frame   0x0000000000000590      0x428 Drivers/STM32F1xx_HAL_Driver/Src/stm32f1xx_hal_cortex.o
 .debug_frame   0x00000000000009b8      0x14c Drivers/STM32F1xx_HAL_Driver/Src/stm32f1xx_hal_gpio.o
 .debug_frame   0x0000000000000b04      0x578 Drivers/STM32F1xx_HAL_Driver/Src/stm32f1xx_hal_pcd.o
 .debug_frame   0x000000000000107c       0xb0 Drivers/STM32F1xx_HAL_Driver/Src/stm32f1xx_hal_pcd_ex.o
 .debug_frame   0x000000000000112c      0x21c Drivers/STM32F1xx_HAL_Driver/Src/stm32f1xx_hal_rcc.o
 .debug_frame   0x0000000000001348       0x84 Drivers/STM32F1xx_HAL_Driver/Src/stm32f1xx_hal_rcc_ex.o
 .debug_frame   0x00000000000013cc      0x450 Drivers/STM32F1xx_HAL_Driver/Src/stm32f1xx_ll_usb.o
 .debug_frame   0x000000000000181c      0x248 Middlewares/ST/STM32_USB_Device_Library/Class/CDC/Src/usbd_cdc.o
 .debug_frame   0x0000000000001a64      0x300 Middlewares/ST/STM32_USB_Device_Library/Core/Src/usbd_core.o
 .debug_frame   0x0000000000001d64      0x218 Middlewares/ST/STM32_USB_Device_Library/Core/Src/usbd_ctlreq.o
 .debug_frame   0x0000000000001f7c      0x10c Middlewares/ST/STM32_USB_Device_Library/Core/Src/usbd_ioreq.o
 .debug_frame   0x0000000000002088       0xc0 Source/App/TheApp/TheApp.o
 .debug_frame   0x0000000000002148       0x74 Source/Cdd/Led/Led.o
 .debug_frame   0x00000000000021bc       0xc4 Source/Cdd/VirtulComPort/VirtualComPort.o
 .debug_frame   0x0000000000002280       0x2c Source/Services/Kernel/Init.o
 .debug_frame   0x00000000000022ac       0x98 Source/Services/Kernel/Sys.o
 .debug_frame   0x0000000000002344       0x74 Source/Services/SchM/SchM.o
 .debug_frame   0x00000000000023b8       0xec Source/Services/SchM/SchM_Callouts.o
 .debug_frame   0x00000000000024a4       0xcc Source/Utils/CircularFIFOBuffer/CircularFIFOBuffer.o
 .debug_frame   0x0000000000002570      0x100 Source/Utils/Utils.o
 .debug_frame   0x0000000000002670       0x2c USB_DEVICE/App/usb_device.o
 .debug_frame   0x000000000000269c       0xbc USB_DEVICE/App/usbd_cdc_if.o
 .debug_frame   0x0000000000002758      0x160 USB_DEVICE/App/usbd_desc.o
 .debug_frame   0x00000000000028b8      0x4a4 USB_DEVICE/Target/usbd_conf.o
 .debug_frame   0x0000000000002d5c       0x2c c:/st/stm32cubeide_1.4.0/stm32cubeide/plugins/com.st.stm32cube.ide.mcu.externaltools.gnu-tools-for-stm32.7-2018-q2-update.win32_1.4.0.202007081208/tools/bin/../lib/gcc/arm-none-eabi/7.3.1/../../../../arm-none-eabi/lib/thumb/v7-m\libc_nano.a(lib_a-init.o)
 .debug_frame   0x0000000000002d88       0x20 c:/st/stm32cubeide_1.4.0/stm32cubeide/plugins/com.st.stm32cube.ide.mcu.externaltools.gnu-tools-for-stm32.7-2018-q2-update.win32_1.4.0.202007081208/tools/bin/../lib/gcc/arm-none-eabi/7.3.1/../../../../arm-none-eabi/lib/thumb/v7-m\libc_nano.a(lib_a-memset.o)